"PGCCD+CPSI1" = "PGCCD+CPSI1"
SUP = 1.0
Fval = 0.6519929859212386
kᵢ = 413
kₒ = 14
"NSPG+CPSI1" = "NSPG+CPSI1"
SUP = 1.0
Fval = 0.6519929864865103
kᵢ = 111
kₒ = 1
"NSPG+PGCCD+CPSI1" = "NSPG+PGCCD+CPSI1"
SUP = 1.0
Fval = 0.6519929857574633
kᵢ = 112
kₒ = 1
"NSPG (no CPSI)" = "NSPG (no CPSI)"
SUP = 1.0
Fval = 0.6519929864865103
k = 111
"PGCCD+CPSI1" = "PGCCD+CPSI1"
SUP = 1.0
Fval = 0.7657202128079633
kᵢ = 312
kₒ = 16
"NSPG+CPSI1" = "NSPG+CPSI1"
SUP = 1.0
Fval = 0.7657202355556801
kᵢ = 132
kₒ = 5
"NSPG+PGCCD+CPSI1" = "NSPG+PGCCD+CPSI1"
SUP = 1.0
Fval = 0.7657202159052494
kᵢ = 137
kₒ = 5
"NSPG (no CPSI)" = "NSPG (no CPSI)"
SUP = 0.8076923076923077
Fval = 1.053307190842326
k = 88
"PGCCD+CPSI1" = "PGCCD+CPSI1"
SUP = 1.0
Fval = 0.5454584435429087
kᵢ = 268
kₒ = 12
"NSPG+CPSI1" = "NSPG+CPSI1"
SUP = 1.0
Fval = 0.5454584537689608
kᵢ = 100
kₒ = 2
"NSPG+PGCCD+CPSI1" = "NSPG+PGCCD+CPSI1"
SUP = 1.0
Fval = 0.5454584443642273
kᵢ = 102
kₒ = 2
"NSPG (no CPSI)" = "NSPG (no CPSI)"
SUP = 0.9230769230769231
Fval = 0.6110238538377301
k = 84
"PGCCD+CPSI1" = "PGCCD+CPSI1"
SUP = 1.0
Fval = 0.5673220970831506
kᵢ = 358
kₒ = 15
"NSPG+CPSI1" = "NSPG+CPSI1"
SUP = 1.0
Fval = 0.5673221114445127
kᵢ = 83
kₒ = 1
"NSPG+PGCCD+CPSI1" = "NSPG+PGCCD+CPSI1"
SUP = 1.0
Fval = 0.5673220985568425
kᵢ = 84
kₒ = 1
"NSPG (no CPSI)" = "NSPG (no CPSI)"
SUP = 1.0
Fval = 0.5673221114445127
k = 83
"PGCCD+CPSI1" = "PGCCD+CPSI1"
SUP = 1.0
Fval = 0.4959258514019081
kᵢ = 203
kₒ = 9
"NSPG+CPSI1" = "NSPG+CPSI1"
SUP = 1.0
Fval = 0.4959258725880848
kᵢ = 61
kₒ = 1
"NSPG+PGCCD+CPSI1" = "NSPG+PGCCD+CPSI1"
SUP = 1.0
Fval = 0.4959258537752739
kᵢ = 62
kₒ = 1
"NSPG (no CPSI)" = "NSPG (no CPSI)"
SUP = 1.0
Fval = 0.4959258725880848
k = 61
"PGCCD+CPSI1" = "PGCCD+CPSI1"
SUP = 1.0
Fval = 0.7061961215711965
kᵢ = 312
kₒ = 15
"NSPG+CPSI1" = "NSPG+CPSI1"
SUP = 1.0
Fval = 0.7061961332621352
kᵢ = 64
kₒ = 1
"NSPG+PGCCD+CPSI1" = "NSPG+PGCCD+CPSI1"
SUP = 1.0
Fval = 0.7061961221991653
kᵢ = 65
kₒ = 1
"NSPG (no CPSI)" = "NSPG (no CPSI)"
SUP = 1.0
Fval = 0.7061961332621352
k = 64
"PGCCD+CPSI1" = "PGCCD+CPSI1"
SUP = 1.0
Fval = 0.5420366622114174
kᵢ = 497
kₒ = 19
"NSPG+CPSI1" = "NSPG+CPSI1"
SUP = 1.0
Fval = 0.5420366670532342
kᵢ = 125
kₒ = 1
"NSPG+PGCCD+CPSI1" = "NSPG+PGCCD+CPSI1"
SUP = 1.0
Fval = 0.5420366623556806
kᵢ = 126
kₒ = 1
"NSPG (no CPSI)" = "NSPG (no CPSI)"
SUP = 1.0
Fval = 0.5420366670532342
k = 125
"PGCCD+CPSI1" = "PGCCD+CPSI1"
SUP = 1.0
Fval = 0.573556047660258
kᵢ = 541
kₒ = 21
"NSPG+CPSI1" = "NSPG+CPSI1"
SUP = 1.0
Fval = 0.5735560694001284
kᵢ = 66
kₒ = 1
"NSPG+PGCCD+CPSI1" = "NSPG+PGCCD+CPSI1"
SUP = 1.0
Fval = 0.5735560500678232
kᵢ = 67
kₒ = 1
"NSPG (no CPSI)" = "NSPG (no CPSI)"
SUP = 1.0
Fval = 0.5735560694001284
k = 66
"PGCCD+CPSI1" = "PGCCD+CPSI1"
SUP = 1.0
Fval = 0.49150727152123763
kᵢ = 541
kₒ = 21
"NSPG+CPSI1" = "NSPG+CPSI1"
SUP = 1.0
Fval = 0.4915074051694829
kᵢ = 106
kₒ = 1
"NSPG+PGCCD+CPSI1" = "NSPG+PGCCD+CPSI1"
SUP = 1.0
Fval = 0.49150726968754466
kᵢ = 108
kₒ = 1
"NSPG (no CPSI)" = "NSPG (no CPSI)"
SUP = 1.0
Fval = 0.4915074051694829
k = 106
"PGCCD+CPSI1" = "PGCCD+CPSI1"
SUP = 1.0
Fval = 0.46881475035335773
kᵢ = 500
kₒ = 23
"NSPG+CPSI1" = "NSPG+CPSI1"
SUP = 1.0
Fval = 0.46881475938185174
kᵢ = 144
kₒ = 4
"NSPG+PGCCD+CPSI1" = "NSPG+PGCCD+CPSI1"
SUP = 1.0
Fval = 0.468814749519772
kᵢ = 152
kₒ = 4
"NSPG (no CPSI)" = "NSPG (no CPSI)"
SUP = 0.7586206896551724
Fval = 0.7421953297967875
k = 94
"PGCCD+CPSI1" = "PGCCD+CPSI1"
SUP = 1.0
Fval = 0.8595159560386256
kᵢ = 130
kₒ = 9
"NSPG+CPSI1" = "NSPG+CPSI1"
SUP = 1.0
Fval = 0.8595159706750983
kᵢ = 114
kₒ = 3
"NSPG+PGCCD+CPSI1" = "NSPG+PGCCD+CPSI1"
SUP = 1.0
Fval = 0.8595159554085996
kᵢ = 117
kₒ = 3
"NSPG (no CPSI)" = "NSPG (no CPSI)"
SUP = 0.92
Fval = 1.0112166793840807
k = 97
"PGCCD+CPSI1" = "PGCCD+CPSI1"
SUP = 1.0
Fval = 0.47432641663043834
kᵢ = 260
kₒ = 15
"NSPG+CPSI1" = "NSPG+CPSI1"
SUP = 1.0
Fval = 0.47432641587625074
kᵢ = 131
kₒ = 3
"NSPG+PGCCD+CPSI1" = "NSPG+PGCCD+CPSI1"
SUP = 1.0
Fval = 0.4743264150512027
kᵢ = 138
kₒ = 3
"NSPG (no CPSI)" = "NSPG (no CPSI)"
SUP = 0.8518518518518519
Fval = 0.5976917098667085
k = 93
"PGCCD+CPSI1" = "PGCCD+CPSI1"
SUP = 1.0
Fval = 0.5937283428584835
kᵢ = 195
kₒ = 9
"NSPG+CPSI1" = "NSPG+CPSI1"
SUP = 1.0
Fval = 0.5937283620374053
kᵢ = 102
kₒ = 2
"NSPG+PGCCD+CPSI1" = "NSPG+PGCCD+CPSI1"
SUP = 1.0
Fval = 0.5937283446750479
kᵢ = 104
kₒ = 2
"NSPG (no CPSI)" = "NSPG (no CPSI)"
SUP = 0.9230769230769231
Fval = 0.6615679285310235
k = 86
"PGCCD+CPSI1" = "PGCCD+CPSI1"
SUP = 1.0
Fval = 0.5697757614538612
kᵢ = 324
kₒ = 10
"NSPG+CPSI1" = "NSPG+CPSI1"
SUP = 1.0
Fval = 0.5697757589212875
kᵢ = 113
kₒ = 1
"NSPG+PGCCD+CPSI1" = "NSPG+PGCCD+CPSI1"
SUP = 1.0
Fval = 0.5697757543642126
kᵢ = 114
kₒ = 1
"NSPG (no CPSI)" = "NSPG (no CPSI)"
SUP = 1.0
Fval = 0.5697757589212875
k = 113
"PGCCD+CPSI1" = "PGCCD+CPSI1"
SUP = 1.0
Fval = 0.5888113674355913
kᵢ = 600
kₒ = 22
"NSPG+CPSI1" = "NSPG+CPSI1"
SUP = 1.0
Fval = 0.5888113771751059
kᵢ = 110
kₒ = 1
"NSPG+PGCCD+CPSI1" = "NSPG+PGCCD+CPSI1"
SUP = 1.0
Fval = 0.5888113685618852
kᵢ = 111
kₒ = 1
"NSPG (no CPSI)" = "NSPG (no CPSI)"
SUP = 1.0
Fval = 0.5888113771751059
k = 110
"PGCCD+CPSI1" = "PGCCD+CPSI1"
SUP = 1.0
Fval = 0.47914235359940105
kᵢ = 587
kₒ = 18
"NSPG+CPSI1" = "NSPG+CPSI1"
SUP = 1.0
Fval = 0.4791423558300977
kᵢ = 97
kₒ = 1
"NSPG+PGCCD+CPSI1" = "NSPG+PGCCD+CPSI1"
SUP = 1.0
Fval = 0.4791423532066405
kᵢ = 98
kₒ = 1
"NSPG (no CPSI)" = "NSPG (no CPSI)"
SUP = 1.0
Fval = 0.4791423558300977
k = 97
"PGCCD+CPSI1" = "PGCCD+CPSI1"
SUP = 1.0
Fval = 0.665382874538869
kᵢ = 283
kₒ = 13
"NSPG+CPSI1" = "NSPG+CPSI1"
SUP = 1.0
Fval = 0.6653828720428137
kᵢ = 101
kₒ = 2
"NSPG+PGCCD+CPSI1" = "NSPG+PGCCD+CPSI1"
SUP = 1.0
Fval = 0.665382871435057
kᵢ = 103
kₒ = 2
"NSPG (no CPSI)" = "NSPG (no CPSI)"
SUP = 0.9230769230769231
Fval = 0.7350702430418685
k = 83
"PGCCD+CPSI1" = "PGCCD+CPSI1"
SUP = 1.0
Fval = 0.5798380976735706
kᵢ = 352
kₒ = 13
"NSPG+CPSI1" = "NSPG+CPSI1"
SUP = 1.0
Fval = 0.5798381002470331
kᵢ = 135
kₒ = 2
"NSPG+PGCCD+CPSI1" = "NSPG+PGCCD+CPSI1"
SUP = 1.0
Fval = 0.5798380977265869
kᵢ = 138
kₒ = 2
"NSPG (no CPSI)" = "NSPG (no CPSI)"
SUP = 0.9230769230769231
Fval = 0.6536274929519154
k = 119
"PGCCD+CPSI1" = "PGCCD+CPSI1"
SUP = 1.0
Fval = 0.4691361981867335
kᵢ = 166
kₒ = 6
"NSPG+CPSI1" = "NSPG+CPSI1"
SUP = 1.0
Fval = 0.4691362045247923
kᵢ = 63
kₒ = 1
"NSPG+PGCCD+CPSI1" = "NSPG+PGCCD+CPSI1"
SUP = 1.0
Fval = 0.46913619725885963
kᵢ = 64
kₒ = 1
"NSPG (no CPSI)" = "NSPG (no CPSI)"
SUP = 1.0
Fval = 0.4691362045247923
k = 63
"PGCCD+CPSI1" = "PGCCD+CPSI1"
SUP = 1.0
Fval = 0.5508396610709801
kᵢ = 281
kₒ = 12
"NSPG+CPSI1" = "NSPG+CPSI1"
SUP = 1.0
Fval = 0.550839661092171
kᵢ = 143
kₒ = 2
"NSPG+PGCCD+CPSI1" = "NSPG+PGCCD+CPSI1"
SUP = 1.0
Fval = 0.5508396611042535
kᵢ = 145
kₒ = 2
"NSPG (no CPSI)" = "NSPG (no CPSI)"
SUP = 0.8518518518518519
Fval = 0.6666627579253327
k = 103
"PGCCD+CPSI1" = "PGCCD+CPSI1"
SUP = 1.0
Fval = 0.6129617000075681
kᵢ = 111
kₒ = 7
"NSPG+CPSI1" = "NSPG+CPSI1"
SUP = 1.0
Fval = 0.6129617222348084
kᵢ = 103
kₒ = 1
"NSPG+PGCCD+CPSI1" = "NSPG+PGCCD+CPSI1"
SUP = 1.0
Fval = 0.6129617035728846
kᵢ = 104
kₒ = 1
"NSPG (no CPSI)" = "NSPG (no CPSI)"
SUP = 1.0
Fval = 0.6129617222348084
k = 103
"PGCCD+CPSI1" = "PGCCD+CPSI1"
SUP = 1.0
Fval = 0.61243341970255
kᵢ = 252
kₒ = 9
"NSPG+CPSI1" = "NSPG+CPSI1"
SUP = 1.0
Fval = 0.6124334618149193
kᵢ = 217
kₒ = 3
"NSPG+PGCCD+CPSI1" = "NSPG+PGCCD+CPSI1"
SUP = 1.0
Fval = 0.6124334212389763
kᵢ = 283
kₒ = 5
"NSPG (no CPSI)" = "NSPG (no CPSI)"
SUP = 0.6666666666666666
Fval = 1.0884044673649478
k = 116
"PGCCD+CPSI1" = "PGCCD+CPSI1"
SUP = 1.0
Fval = 0.7001678059276574
kᵢ = 160
kₒ = 9
"NSPG+CPSI1" = "NSPG+CPSI1"
SUP = 1.0
Fval = 0.7001678075383893
kᵢ = 78
kₒ = 1
"NSPG+PGCCD+CPSI1" = "NSPG+PGCCD+CPSI1"
SUP = 1.0
Fval = 0.700167805854265
kᵢ = 79
kₒ = 1
"NSPG (no CPSI)" = "NSPG (no CPSI)"
SUP = 1.0
Fval = 0.7001678075383893
k = 78
"PGCCD+CPSI1" = "PGCCD+CPSI1"
SUP = 1.0
Fval = 0.5675834921745669
kᵢ = 102
kₒ = 4
"NSPG+CPSI1" = "NSPG+CPSI1"
SUP = 1.0
Fval = 0.5675834993551271
kᵢ = 141
kₒ = 3
"NSPG+PGCCD+CPSI1" = "NSPG+PGCCD+CPSI1"
SUP = 1.0
Fval = 0.5675834929484134
kᵢ = 146
kₒ = 3
"NSPG (no CPSI)" = "NSPG (no CPSI)"
SUP = 0.8846153846153846
Fval = 0.7427804700158208
k = 122
"PGCCD+CPSI1" = "PGCCD+CPSI1"
SUP = 1.0
Fval = 0.5547973159020142
kᵢ = 336
kₒ = 12
"NSPG+CPSI1" = "NSPG+CPSI1"
SUP = 1.0
Fval = 0.5547973447173975
kᵢ = 85
kₒ = 1
"NSPG+PGCCD+CPSI1" = "NSPG+PGCCD+CPSI1"
SUP = 1.0
Fval = 0.554797317330122
kᵢ = 86
kₒ = 1
"NSPG (no CPSI)" = "NSPG (no CPSI)"
SUP = 1.0
Fval = 0.5547973447173975
k = 85
"PGCCD+CPSI1" = "PGCCD+CPSI1"
SUP = 1.0
Fval = 0.44456898913027554
kᵢ = 673
kₒ = 28
"NSPG+CPSI1" = "NSPG+CPSI1"
SUP = 1.0
Fval = 0.44456899261086424
kᵢ = 175
kₒ = 3
"NSPG+PGCCD+CPSI1" = "NSPG+PGCCD+CPSI1"
SUP = 1.0
Fval = 0.44456898919432913
kᵢ = 179
kₒ = 3
"NSPG (no CPSI)" = "NSPG (no CPSI)"
SUP = 0.8518518518518519
Fval = 0.5667430313675066
k = 140
"PGCCD+CPSI1" = "PGCCD+CPSI1"
SUP = 1.0
Fval = 0.7525045524726013
kᵢ = 80
kₒ = 9
"NSPG+CPSI1" = "NSPG+CPSI1"
SUP = 1.0
Fval = 0.7525046161914961
kᵢ = 68
kₒ = 3
"NSPG+PGCCD+CPSI1" = "NSPG+PGCCD+CPSI1"
SUP = 1.0
Fval = 0.7525045597729761
kᵢ = 73
kₒ = 3
"NSPG (no CPSI)" = "NSPG (no CPSI)"
SUP = 0.92
Fval = 0.9316858341286783
k = 48
"PGCCD+CPSI1" = "PGCCD+CPSI1"
SUP = 1.0
Fval = 0.7350198676505239
kᵢ = 207
kₒ = 10
"NSPG+CPSI1" = "NSPG+CPSI1"
SUP = 1.0
Fval = 0.7350198685672984
kᵢ = 115
kₒ = 5
"NSPG+PGCCD+CPSI1" = "NSPG+PGCCD+CPSI1"
SUP = 1.0
Fval = 0.7350198671914474
kᵢ = 122
kₒ = 5
"NSPG (no CPSI)" = "NSPG (no CPSI)"
SUP = 0.8076923076923077
Fval = 1.018610622249684
k = 70
"PGCCD+CPSI1" = "PGCCD+CPSI1"
SUP = 1.0
Fval = 0.43122857466536985
kᵢ = 263
kₒ = 10
"NSPG+CPSI1" = "NSPG+CPSI1"
SUP = 1.0
Fval = 0.4312285748447686
kᵢ = 121
kₒ = 1
"NSPG+PGCCD+CPSI1" = "NSPG+PGCCD+CPSI1"
SUP = 1.0
Fval = 0.431228574693312
kᵢ = 122
kₒ = 1
"NSPG (no CPSI)" = "NSPG (no CPSI)"
SUP = 1.0
Fval = 0.4312285748447686
k = 121
"PGCCD+CPSI1" = "PGCCD+CPSI1"
SUP = 1.0
Fval = 0.7315077735845579
kᵢ = 142
kₒ = 9
"NSPG+CPSI1" = "NSPG+CPSI1"
SUP = 1.0
Fval = 0.7315077736838401
kᵢ = 136
kₒ = 4
"NSPG+PGCCD+CPSI1" = "NSPG+PGCCD+CPSI1"
SUP = 1.0
Fval = 0.7315077731747729
kᵢ = 140
kₒ = 4
"NSPG (no CPSI)" = "NSPG (no CPSI)"
SUP = 0.8461538461538461
Fval = 0.9501583227866464
k = 88
"PGCCD+CPSI1" = "PGCCD+CPSI1"
SUP = 1.0
Fval = 0.6659784647604219
kᵢ = 167
kₒ = 9
"NSPG+CPSI1" = "NSPG+CPSI1"
SUP = 1.0
Fval = 0.6659784824886505
kᵢ = 73
kₒ = 1
"NSPG+PGCCD+CPSI1" = "NSPG+PGCCD+CPSI1"
SUP = 1.0
Fval = 0.6659784641480078
kᵢ = 74
kₒ = 1
"NSPG (no CPSI)" = "NSPG (no CPSI)"
SUP = 1.0
Fval = 0.6659784824886505
k = 73
"PGCCD+CPSI1" = "PGCCD+CPSI1"
SUP = 1.0
Fval = 0.6963535879936464
kᵢ = 466
kₒ = 16
"NSPG+CPSI1" = "NSPG+CPSI1"
SUP = 1.0
Fval = 0.6963536031899813
kᵢ = 198
kₒ = 5
"NSPG+PGCCD+CPSI1" = "NSPG+PGCCD+CPSI1"
SUP = 1.0
Fval = 0.6963535888279654
kᵢ = 203
kₒ = 5
"NSPG (no CPSI)" = "NSPG (no CPSI)"
SUP = 0.7777777777777778
Fval = 1.051701775011836
k = 150
"PGCCD+CPSI1" = "PGCCD+CPSI1"
SUP = 1.0
Fval = 0.6182521934244903
kᵢ = 165
kₒ = 8
"NSPG+CPSI1" = "NSPG+CPSI1"
SUP = 1.0
Fval = 0.6182521966598734
kᵢ = 79
kₒ = 1
"NSPG+PGCCD+CPSI1" = "NSPG+PGCCD+CPSI1"
SUP = 1.0
Fval = 0.6182521928419422
kᵢ = 80
kₒ = 1
"NSPG (no CPSI)" = "NSPG (no CPSI)"
SUP = 1.0
Fval = 0.6182521966598734
k = 79
"PGCCD+CPSI1" = "PGCCD+CPSI1"
SUP = 1.0
Fval = 0.5394311436159583
kᵢ = 327
kₒ = 15
"NSPG+CPSI1" = "NSPG+CPSI1"
SUP = 1.0
Fval = 0.539431160135224
kᵢ = 50
kₒ = 1
"NSPG+PGCCD+CPSI1" = "NSPG+PGCCD+CPSI1"
SUP = 1.0
Fval = 0.5394311446161728
kᵢ = 51
kₒ = 1
"NSPG (no CPSI)" = "NSPG (no CPSI)"
SUP = 1.0
Fval = 0.539431160135224
k = 50
"PGCCD+CPSI1" = "PGCCD+CPSI1"
SUP = 1.0
Fval = 0.7018923949014135
kᵢ = 206
kₒ = 9
"NSPG+CPSI1" = "NSPG+CPSI1"
SUP = 1.0
Fval = 0.7018923946710446
kᵢ = 66
kₒ = 2
"NSPG+PGCCD+CPSI1" = "NSPG+PGCCD+CPSI1"
SUP = 1.0
Fval = 0.7018923928931015
kᵢ = 68
kₒ = 2
"NSPG (no CPSI)" = "NSPG (no CPSI)"
SUP = 0.96
Fval = 0.7765182997907888
k = 56
"PGCCD+CPSI1" = "PGCCD+CPSI1"
SUP = 1.0
Fval = 0.7596854291269619
kᵢ = 115
kₒ = 6
"NSPG+CPSI1" = "NSPG+CPSI1"
SUP = 1.0
Fval = 0.7596854420748494
kᵢ = 64
kₒ = 2
"NSPG+PGCCD+CPSI1" = "NSPG+PGCCD+CPSI1"
SUP = 1.0
Fval = 0.7596854306570563
kᵢ = 66
kₒ = 2
"NSPG (no CPSI)" = "NSPG (no CPSI)"
SUP = 0.96
Fval = 0.8470584507688332
k = 55
"PGCCD+CPSI1" = "PGCCD+CPSI1"
SUP = 1.0
Fval = 0.5181038134112791
kᵢ = 163
kₒ = 6
"NSPG+CPSI1" = "NSPG+CPSI1"
SUP = 1.0
Fval = 0.5181038434172834
kᵢ = 97
kₒ = 1
"NSPG+PGCCD+CPSI1" = "NSPG+PGCCD+CPSI1"
SUP = 1.0
Fval = 0.5181038112815117
kᵢ = 98
kₒ = 1
"NSPG (no CPSI)" = "NSPG (no CPSI)"
SUP = 1.0
Fval = 0.5181038434172834
k = 97
"PGCCD+CPSI1" = "PGCCD+CPSI1"
SUP = 1.0
Fval = 0.3406191698132146
kᵢ = 111
kₒ = 4
"NSPG+CPSI1" = "NSPG+CPSI1"
SUP = 1.0
Fval = 0.3406194949494793
kᵢ = 78
kₒ = 1
"NSPG+PGCCD+CPSI1" = "NSPG+PGCCD+CPSI1"
SUP = 1.0
Fval = 0.34061916943935944
kᵢ = 80
kₒ = 1
"NSPG (no CPSI)" = "NSPG (no CPSI)"
SUP = 1.0
Fval = 0.3406194949494793
k = 78
"PGCCD+CPSI1" = "PGCCD+CPSI1"
SUP = 1.0
Fval = 0.487480507010882
kᵢ = 389
kₒ = 12
"NSPG+CPSI1" = "NSPG+CPSI1"
SUP = 1.0
Fval = 0.48748050586588537
kᵢ = 92
kₒ = 1
"NSPG+PGCCD+CPSI1" = "NSPG+PGCCD+CPSI1"
SUP = 1.0
Fval = 0.4874805052310809
kᵢ = 93
kₒ = 1
"NSPG (no CPSI)" = "NSPG (no CPSI)"
SUP = 1.0
Fval = 0.48748050586588537
k = 92
"PGCCD+CPSI1" = "PGCCD+CPSI1"
SUP = 1.0
Fval = 0.7148870967182347
kᵢ = 118
kₒ = 6
"NSPG+CPSI1" = "NSPG+CPSI1"
SUP = 1.0
Fval = 0.7148871121204907
kᵢ = 80
kₒ = 1
"NSPG+PGCCD+CPSI1" = "NSPG+PGCCD+CPSI1"
SUP = 1.0
Fval = 0.714887098199794
kᵢ = 81
kₒ = 1
"NSPG (no CPSI)" = "NSPG (no CPSI)"
SUP = 1.0
Fval = 0.7148871121204907
k = 80
"PGCCD+CPSI1" = "PGCCD+CPSI1"
SUP = 1.0
Fval = 0.5793850459255054
kᵢ = 366
kₒ = 10
"NSPG+CPSI1" = "NSPG+CPSI1"
SUP = 1.0
Fval = 0.5793850611049749
kᵢ = 77
kₒ = 2
"NSPG+PGCCD+CPSI1" = "NSPG+PGCCD+CPSI1"
SUP = 1.0
Fval = 0.5793850467215468
kᵢ = 79
kₒ = 2
"NSPG (no CPSI)" = "NSPG (no CPSI)"
SUP = 0.96
Fval = 0.6453751272898269
k = 67
"PGCCD+CPSI1" = "PGCCD+CPSI1"
SUP = 1.0
Fval = 0.42599624997559205
kᵢ = 241
kₒ = 8
"NSPG+CPSI1" = "NSPG+CPSI1"
SUP = 1.0
Fval = 0.42599629204483225
kᵢ = 98
kₒ = 1
"NSPG+PGCCD+CPSI1" = "NSPG+PGCCD+CPSI1"
SUP = 1.0
Fval = 0.42599625152872833
kᵢ = 99
kₒ = 1
"NSPG (no CPSI)" = "NSPG (no CPSI)"
SUP = 1.0
Fval = 0.42599629204483225
k = 98
"PGCCD+CPSI1" = "PGCCD+CPSI1"
SUP = 1.0
Fval = 0.5767863938063418
kᵢ = 258
kₒ = 8
"NSPG+CPSI1" = "NSPG+CPSI1"
SUP = 1.0
Fval = 0.5767864023440643
kᵢ = 105
kₒ = 2
"NSPG+PGCCD+CPSI1" = "NSPG+PGCCD+CPSI1"
SUP = 1.0
Fval = 0.576786393774852
kᵢ = 107
kₒ = 2
"NSPG (no CPSI)" = "NSPG (no CPSI)"
SUP = 0.96
Fval = 0.6498548415012059
k = 95
"PGCCD+CPSI1" = "PGCCD+CPSI1"
SUP = 1.0
Fval = 0.5563547875771843
kᵢ = 271
kₒ = 10
"NSPG+CPSI1" = "NSPG+CPSI1"
SUP = 1.0
Fval = 0.5563547928373902
kᵢ = 84
kₒ = 1
"NSPG+PGCCD+CPSI1" = "NSPG+PGCCD+CPSI1"
SUP = 1.0
Fval = 0.5563547881411119
kᵢ = 85
kₒ = 1
"NSPG (no CPSI)" = "NSPG (no CPSI)"
SUP = 1.0
Fval = 0.5563547928373902
k = 84
"PGCCD+CPSI1" = "PGCCD+CPSI1"
SUP = 1.0
Fval = 0.6701701878638864
kᵢ = 314
kₒ = 16
"NSPG+CPSI1" = "NSPG+CPSI1"
SUP = 1.0
Fval = 0.6701701917315508
kᵢ = 111
kₒ = 2
"NSPG+PGCCD+CPSI1" = "NSPG+PGCCD+CPSI1"
SUP = 1.0
Fval = 0.670170186929785
kᵢ = 113
kₒ = 2
"NSPG (no CPSI)" = "NSPG (no CPSI)"
SUP = 0.9230769230769231
Fval = 0.7407845969604068
k = 94
"PGCCD+CPSI1" = "PGCCD+CPSI1"
SUP = 1.0
Fval = 0.7369190881014673
kᵢ = 219
kₒ = 12
"NSPG+CPSI1" = "NSPG+CPSI1"
SUP = 1.0
Fval = 0.7369190950093816
kᵢ = 112
kₒ = 4
"NSPG+PGCCD+CPSI1" = "NSPG+PGCCD+CPSI1"
SUP = 1.0
Fval = 0.73691908509892
kᵢ = 116
kₒ = 4
"NSPG (no CPSI)" = "NSPG (no CPSI)"
SUP = 0.8461538461538461
Fval = 0.9480336158939621
k = 66
"PGCCD+CPSI1" = "PGCCD+CPSI1"
SUP = 1.0
Fval = 0.7803384629969152
kᵢ = 98
kₒ = 6
"NSPG+CPSI1" = "NSPG+CPSI1"
SUP = 1.0
Fval = 0.7803384691048649
kᵢ = 104
kₒ = 3
"NSPG+PGCCD+CPSI1" = "NSPG+PGCCD+CPSI1"
SUP = 1.0
Fval = 0.7803384630632312
kᵢ = 108
kₒ = 3
"NSPG (no CPSI)" = "NSPG (no CPSI)"
SUP = 0.8846153846153846
Fval = 0.9106277098490947
k = 80
"PGCCD+CPSI1" = "PGCCD+CPSI1"
SUP = 1.0
Fval = 0.5527641430935832
kᵢ = 760
kₒ = 29
"NSPG+CPSI1" = "NSPG+CPSI1"
SUP = 1.0
Fval = 0.5527641414756318
kᵢ = 77
kₒ = 1
"NSPG+PGCCD+CPSI1" = "NSPG+PGCCD+CPSI1"
SUP = 1.0
Fval = 0.5527641413350767
kᵢ = 78
kₒ = 1
"NSPG (no CPSI)" = "NSPG (no CPSI)"
SUP = 1.0
Fval = 0.5527641414756318
k = 77
"PGCCD+CPSI1" = "PGCCD+CPSI1"
SUP = 1.0
Fval = 0.6909364691777765
kᵢ = 123
kₒ = 8
"NSPG+CPSI1" = "NSPG+CPSI1"
SUP = 1.0
Fval = 0.6909364748182786
kᵢ = 98
kₒ = 2
"NSPG+PGCCD+CPSI1" = "NSPG+PGCCD+CPSI1"
SUP = 1.0
Fval = 0.6909364677015883
kᵢ = 100
kₒ = 2
"NSPG (no CPSI)" = "NSPG (no CPSI)"
SUP = 0.9230769230769231
Fval = 0.7645327538779993
k = 83
"PGCCD+CPSI1" = "PGCCD+CPSI1"
SUP = 1.0
Fval = 0.7726169807989057
kᵢ = 79
kₒ = 5
"NSPG+CPSI1" = "NSPG+CPSI1"
SUP = 1.0
Fval = 0.7726169872199239
kᵢ = 73
kₒ = 1
"NSPG+PGCCD+CPSI1" = "NSPG+PGCCD+CPSI1"
SUP = 1.0
Fval = 0.7726169816413508
kᵢ = 74
kₒ = 1
"NSPG (no CPSI)" = "NSPG (no CPSI)"
SUP = 1.0
Fval = 0.7726169872199239
k = 73

============================================================
RESULTS (exp-0.9-250-1000-300-25, mode=cpsi1, T=50)
============================================================
Algorithm       | F(x) mean   | SUP mean | K mean | Kout mean
----------------|-------------|----------|--------|----------
PGCCD           | 0.6033      | 1.0000   | 288.1  | 12.0  
NSPG            | 0.6033      | 1.0000   | 103.1  | 1.9   
NSPG+PGCCD      | 0.6033      | 1.0000   | 106.7  | 2.0   
NSPG(noCPSI)    | 0.6798      | 0.9411   | 88.9   | 0.0   
============================================================

Plots saved to graphs/Boxplot/exp-0.9-250-1000-300-25
[ Info: Loading packages...
[ Info: Packages loaded successfully
┌ Info: Parameters
│   corr = "exp"
│   ρ = 0.9
│   n = 250
│   p = 1000
│   SNR = 300.0
│   k⃰ = 25
│   T = 50
└   mode = "cpsi1"
[ Info: Output directory: graphs/Boxplot/exp-0.9-250-1000-300-25
┌ Info: Running CPSI1 experiment
│   config = "exp-0.9-250-1000-300-25"
│   algorithms =
│    1×4 Matrix{LaTeXString}:
│     L"$PGCCD$"  L"$NSPG$"  L"$NSPG+PGCCD$"  L"$NSPG\ (no\ CPSI)$"
└   trials = 50
[ Info: Trial 1/50 completed
[ Info: Trial 2/50 completed
[ Info: Trial 3/50 completed
[ Info: Trial 4/50 completed
[ Info: Trial 5/50 completed
[ Info: Trial 6/50 completed
[ Info: Trial 7/50 completed
[ Info: Trial 8/50 completed
[ Info: Trial 9/50 completed
[ Info: Trial 10/50 completed
[ Info: Trial 11/50 completed
[ Info: Trial 12/50 completed
[ Info: Trial 13/50 completed
[ Info: Trial 14/50 completed
[ Info: Trial 15/50 completed
[ Info: Trial 16/50 completed
[ Info: Trial 17/50 completed
[ Info: Trial 18/50 completed
[ Info: Trial 19/50 completed
[ Info: Trial 20/50 completed
[ Info: Trial 21/50 completed
[ Info: Trial 22/50 completed
[ Info: Trial 23/50 completed
[ Info: Trial 24/50 completed
[ Info: Trial 25/50 completed
[ Info: Trial 26/50 completed
[ Info: Trial 27/50 completed
[ Info: Trial 28/50 completed
[ Info: Trial 29/50 completed
[ Info: Trial 30/50 completed
[ Info: Trial 31/50 completed
[ Info: Trial 32/50 completed
[ Info: Trial 33/50 completed
[ Info: Trial 34/50 completed
[ Info: Trial 35/50 completed
[ Info: Trial 36/50 completed
[ Info: Trial 37/50 completed
[ Info: Trial 38/50 completed
[ Info: Trial 39/50 completed
[ Info: Trial 40/50 completed
[ Info: Trial 41/50 completed
[ Info: Trial 42/50 completed
[ Info: Trial 43/50 completed
[ Info: Trial 44/50 completed
[ Info: Trial 45/50 completed
[ Info: Trial 46/50 completed
[ Info: Trial 47/50 completed
[ Info: Trial 48/50 completed
[ Info: Trial 49/50 completed
[ Info: Trial 50/50 completed
[ Info: All trials completed in 8.0s
┌ Warning: :seaborn_bright is not a known theme, using :default
└ @ Plots ~/.julia/packages/Plots/xC48f/src/themes.jl:10
