"PGCCD+CPSI1" = "PGCCD+CPSI1"
SUP = 1.0
Fval = 11.880900524135711
kᵢ = 55
kₒ = 3
"NSPG+CPSI1" = "NSPG+CPSI1"
SUP = 1.0
Fval = 11.880900522649073
kᵢ = 49
kₒ = 1
"NSPG+PGCCD+CPSI1" = "NSPG+PGCCD+CPSI1"
SUP = 1.0
Fval = 11.88090041585001
kᵢ = 50
kₒ = 1
"NSPG (no CPSI)" = "NSPG (no CPSI)"
SUP = 1.0
Fval = 11.880900522649073
k = 49
"PGCCD+CPSI1" = "PGCCD+CPSI1"
SUP = 0.5849056603773585
Fval = 13.492834391691021
kᵢ = 31
kₒ = 2
"NSPG+CPSI1" = "NSPG+CPSI1"
SUP = 1.0
Fval = 8.926268045156641
kᵢ = 59
kₒ = 1
"NSPG+PGCCD+CPSI1" = "NSPG+PGCCD+CPSI1"
SUP = 1.0
Fval = 8.926268038974698
kᵢ = 60
kₒ = 1
"NSPG (no CPSI)" = "NSPG (no CPSI)"
SUP = 1.0
Fval = 8.926268045156641
k = 59
"PGCCD+CPSI1" = "PGCCD+CPSI1"
SUP = 0.5619047619047619
Fval = 16.33552124004073
kᵢ = 35
kₒ = 2
"NSPG+CPSI1" = "NSPG+CPSI1"
SUP = 1.0
Fval = 10.737769121922664
kᵢ = 34
kₒ = 1
"NSPG+PGCCD+CPSI1" = "NSPG+PGCCD+CPSI1"
SUP = 1.0
Fval = 10.737769077180662
kᵢ = 35
kₒ = 1
"NSPG (no CPSI)" = "NSPG (no CPSI)"
SUP = 1.0
Fval = 10.737769121922664
k = 34
"PGCCD+CPSI1" = "PGCCD+CPSI1"
SUP = 0.54
Fval = 14.662703355150427
kᵢ = 25
kₒ = 1
"NSPG+CPSI1" = "NSPG+CPSI1"
SUP = 1.0
Fval = 9.844064943043163
kᵢ = 61
kₒ = 1
"NSPG+PGCCD+CPSI1" = "NSPG+PGCCD+CPSI1"
SUP = 1.0
Fval = 9.844064941270519
kᵢ = 62
kₒ = 1
"NSPG (no CPSI)" = "NSPG (no CPSI)"
SUP = 1.0
Fval = 9.844064943043163
k = 61
"PGCCD+CPSI1" = "PGCCD+CPSI1"
SUP = 0.3805970149253731
Fval = 15.461415883643705
kᵢ = 23
kₒ = 1
"NSPG+CPSI1" = "NSPG+CPSI1"
SUP = 1.0
Fval = 8.608016266539147
kᵢ = 50
kₒ = 1
"NSPG+PGCCD+CPSI1" = "NSPG+PGCCD+CPSI1"
SUP = 1.0
Fval = 8.608016265937575
kᵢ = 51
kₒ = 1
"NSPG (no CPSI)" = "NSPG (no CPSI)"
SUP = 1.0
Fval = 8.608016266539147
k = 50
"PGCCD+CPSI1" = "PGCCD+CPSI1"
SUP = 0.296875
Fval = 16.173138180262704
kᵢ = 26
kₒ = 1
"NSPG+CPSI1" = "NSPG+CPSI1"
SUP = 0.6698113207547169
Fval = 12.858893018892344
kᵢ = 133
kₒ = 2
"NSPG+PGCCD+CPSI1" = "NSPG+PGCCD+CPSI1"
SUP = 0.6698113207547169
Fval = 12.858892092520794
kᵢ = 152
kₒ = 2
"NSPG (no CPSI)" = "NSPG (no CPSI)"
SUP = 0.6126126126126126
Fval = 13.332931901935996
k = 98
"PGCCD+CPSI1" = "PGCCD+CPSI1"
SUP = 1.0
Fval = 8.657158354915284
kᵢ = 100
kₒ = 7
"NSPG+CPSI1" = "NSPG+CPSI1"
SUP = 0.5769230769230769
Fval = 12.79392522423773
kᵢ = 95
kₒ = 2
"NSPG+PGCCD+CPSI1" = "NSPG+PGCCD+CPSI1"
SUP = 0.5980392156862745
Fval = 12.728768165840963
kᵢ = 127
kₒ = 4
"NSPG (no CPSI)" = "NSPG (no CPSI)"
SUP = 0.5904761904761905
Fval = 12.980018681126522
k = 58
"PGCCD+CPSI1" = "PGCCD+CPSI1"
SUP = 0.47
Fval = 16.354179688222523
kᵢ = 20
kₒ = 1
"NSPG+CPSI1" = "NSPG+CPSI1"
SUP = 1.0
Fval = 11.333570827624383
kᵢ = 102
kₒ = 2
"NSPG+PGCCD+CPSI1" = "NSPG+PGCCD+CPSI1"
SUP = 1.0
Fval = 11.33357074869017
kᵢ = 110
kₒ = 2
"NSPG (no CPSI)" = "NSPG (no CPSI)"
SUP = 0.79
Fval = 14.320535882053665
k = 70
"PGCCD+CPSI1" = "PGCCD+CPSI1"
SUP = 0.5660377358490566
Fval = 13.268387404131126
kᵢ = 53
kₒ = 4
"NSPG+CPSI1" = "NSPG+CPSI1"
SUP = 1.0
Fval = 8.57540396119856
kᵢ = 30
kₒ = 1
"NSPG+PGCCD+CPSI1" = "NSPG+PGCCD+CPSI1"
SUP = 1.0
Fval = 8.575403910181956
kᵢ = 31
kₒ = 1
"NSPG (no CPSI)" = "NSPG (no CPSI)"
SUP = 1.0
Fval = 8.57540396119856
k = 30
"PGCCD+CPSI1" = "PGCCD+CPSI1"
SUP = 0.4690265486725664
Fval = 13.779117840554438
kᵢ = 37
kₒ = 2
"NSPG+CPSI1" = "NSPG+CPSI1"
SUP = 1.0
Fval = 8.455374025656388
kᵢ = 61
kₒ = 1
"NSPG+PGCCD+CPSI1" = "NSPG+PGCCD+CPSI1"
SUP = 1.0
Fval = 8.45537396588215
kᵢ = 62
kₒ = 1
"NSPG (no CPSI)" = "NSPG (no CPSI)"
SUP = 1.0
Fval = 8.455374025656388
k = 61
"PGCCD+CPSI1" = "PGCCD+CPSI1"
SUP = 0.5
Fval = 11.92843905421819
kᵢ = 82
kₒ = 5
"NSPG+CPSI1" = "NSPG+CPSI1"
SUP = 1.0
Fval = 7.2343797656461115
kᵢ = 46
kₒ = 1
"NSPG+PGCCD+CPSI1" = "NSPG+PGCCD+CPSI1"
SUP = 1.0
Fval = 7.234379761269199
kᵢ = 47
kₒ = 1
"NSPG (no CPSI)" = "NSPG (no CPSI)"
SUP = 1.0
Fval = 7.2343797656461115
k = 46
"PGCCD+CPSI1" = "PGCCD+CPSI1"
SUP = 0.3511450381679389
Fval = 15.589391937762109
kᵢ = 35
kₒ = 2
"NSPG+CPSI1" = "NSPG+CPSI1"
SUP = 1.0
Fval = 8.710840179677728
kᵢ = 40
kₒ = 1
"NSPG+PGCCD+CPSI1" = "NSPG+PGCCD+CPSI1"
SUP = 1.0
Fval = 8.710840148232657
kᵢ = 41
kₒ = 1
"NSPG (no CPSI)" = "NSPG (no CPSI)"
SUP = 1.0
Fval = 8.710840179677728
k = 40
"PGCCD+CPSI1" = "PGCCD+CPSI1"
SUP = 0.43
Fval = 17.56038182110057
kᵢ = 32
kₒ = 3
"NSPG+CPSI1" = "NSPG+CPSI1"
SUP = 0.52
Fval = 16.495687135593553
kᵢ = 334
kₒ = 5
"NSPG+PGCCD+CPSI1" = "NSPG+PGCCD+CPSI1"
SUP = 0.45
Fval = 17.163249964757245
kᵢ = 277
kₒ = 2
"NSPG (no CPSI)" = "NSPG (no CPSI)"
SUP = 0.34
Fval = 20.348254395818486
k = 232
"PGCCD+CPSI1" = "PGCCD+CPSI1"
SUP = 0.37272727272727274
Fval = 18.734120295798277
kᵢ = 28
kₒ = 1
"NSPG+CPSI1" = "NSPG+CPSI1"
SUP = 1.0
Fval = 11.810409900015513
kᵢ = 44
kₒ = 1
"NSPG+PGCCD+CPSI1" = "NSPG+PGCCD+CPSI1"
SUP = 1.0
Fval = 11.81040976636508
kᵢ = 45
kₒ = 1
"NSPG (no CPSI)" = "NSPG (no CPSI)"
SUP = 1.0
Fval = 11.810409900015513
k = 44
"PGCCD+CPSI1" = "PGCCD+CPSI1"
SUP = 0.35074626865671643
Fval = 14.651789276271309
kᵢ = 27
kₒ = 1
"NSPG+CPSI1" = "NSPG+CPSI1"
SUP = 1.0
Fval = 7.956009946172776
kᵢ = 39
kₒ = 1
"NSPG+PGCCD+CPSI1" = "NSPG+PGCCD+CPSI1"
SUP = 1.0
Fval = 7.956009941920226
kᵢ = 40
kₒ = 1
"NSPG (no CPSI)" = "NSPG (no CPSI)"
SUP = 1.0
Fval = 7.956009946172776
k = 39
"PGCCD+CPSI1" = "PGCCD+CPSI1"
SUP = 0.7
Fval = 14.714338705309654
kᵢ = 58
kₒ = 5
"NSPG+CPSI1" = "NSPG+CPSI1"
SUP = 1.0
Fval = 10.842532073221022
kᵢ = 35
kₒ = 1
"NSPG+PGCCD+CPSI1" = "NSPG+PGCCD+CPSI1"
SUP = 1.0
Fval = 10.842530191257541
kᵢ = 37
kₒ = 1
"NSPG (no CPSI)" = "NSPG (no CPSI)"
SUP = 1.0
Fval = 10.842532073221022
k = 35
"PGCCD+CPSI1" = "PGCCD+CPSI1"
SUP = 1.0
Fval = 8.960295227228006
kᵢ = 45
kₒ = 1
"NSPG+CPSI1" = "NSPG+CPSI1"
SUP = 1.0
Fval = 8.960295485786851
kᵢ = 35
kₒ = 1
"NSPG+PGCCD+CPSI1" = "NSPG+PGCCD+CPSI1"
SUP = 1.0
Fval = 8.960295221835048
kᵢ = 36
kₒ = 1
"NSPG (no CPSI)" = "NSPG (no CPSI)"
SUP = 1.0
Fval = 8.960295485786851
k = 35
"PGCCD+CPSI1" = "PGCCD+CPSI1"
SUP = 0.4793388429752066
Fval = 12.324389515539886
kᵢ = 25
kₒ = 1
"NSPG+CPSI1" = "NSPG+CPSI1"
SUP = 1.0
Fval = 7.483088083651394
kᵢ = 36
kₒ = 1
"NSPG+PGCCD+CPSI1" = "NSPG+PGCCD+CPSI1"
SUP = 1.0
Fval = 7.48308807336499
kᵢ = 37
kₒ = 1
"NSPG (no CPSI)" = "NSPG (no CPSI)"
SUP = 1.0
Fval = 7.483088083651394
k = 36
"PGCCD+CPSI1" = "PGCCD+CPSI1"
SUP = 0.6454545454545455
Fval = 12.83672341774098
kᵢ = 58
kₒ = 5
"NSPG+CPSI1" = "NSPG+CPSI1"
SUP = 1.0
Fval = 8.560765109658883
kᵢ = 35
kₒ = 1
"NSPG+PGCCD+CPSI1" = "NSPG+PGCCD+CPSI1"
SUP = 1.0
Fval = 8.560765080615653
kᵢ = 36
kₒ = 1
"NSPG (no CPSI)" = "NSPG (no CPSI)"
SUP = 1.0
Fval = 8.560765109658883
k = 35
"PGCCD+CPSI1" = "PGCCD+CPSI1"
SUP = 0.4117647058823529
Fval = 12.627251514332102
kᵢ = 51
kₒ = 3
"NSPG+CPSI1" = "NSPG+CPSI1"
SUP = 1.0
Fval = 7.395536252309825
kᵢ = 31
kₒ = 1
"NSPG+PGCCD+CPSI1" = "NSPG+PGCCD+CPSI1"
SUP = 1.0
Fval = 7.395536249371783
kᵢ = 32
kₒ = 1
"NSPG (no CPSI)" = "NSPG (no CPSI)"
SUP = 1.0
Fval = 7.395536252309825
k = 31
"PGCCD+CPSI1" = "PGCCD+CPSI1"
SUP = 1.0
Fval = 7.80758747225093
kᵢ = 46
kₒ = 2
"NSPG+CPSI1" = "NSPG+CPSI1"
SUP = 0.5929203539823009
Fval = 12.150067343317415
kᵢ = 71
kₒ = 2
"NSPG+PGCCD+CPSI1" = "NSPG+PGCCD+CPSI1"
SUP = 0.6111111111111112
Fval = 11.9054239862622
kᵢ = 129
kₒ = 4
"NSPG (no CPSI)" = "NSPG (no CPSI)"
SUP = 0.5689655172413793
Fval = 12.281514999424626
k = 51
"PGCCD+CPSI1" = "PGCCD+CPSI1"
SUP = 1.0
Fval = 11.140933290965606
kᵢ = 35
kₒ = 2
"NSPG+CPSI1" = "NSPG+CPSI1"
SUP = 1.0
Fval = 11.140933278642738
kᵢ = 38
kₒ = 1
"NSPG+PGCCD+CPSI1" = "NSPG+PGCCD+CPSI1"
SUP = 1.0
Fval = 11.14093323860421
kᵢ = 39
kₒ = 1
"NSPG (no CPSI)" = "NSPG (no CPSI)"
SUP = 1.0
Fval = 11.140933278642738
k = 38
"PGCCD+CPSI1" = "PGCCD+CPSI1"
SUP = 0.40186915887850466
Fval = 18.014610449860115
kᵢ = 33
kₒ = 2
"NSPG+CPSI1" = "NSPG+CPSI1"
SUP = 1.0
Fval = 11.707721485775528
kᵢ = 46
kₒ = 1
"NSPG+PGCCD+CPSI1" = "NSPG+PGCCD+CPSI1"
SUP = 1.0
Fval = 11.707721469154622
kᵢ = 47
kₒ = 1
"NSPG (no CPSI)" = "NSPG (no CPSI)"
SUP = 1.0
Fval = 11.707721485775528
k = 46
"PGCCD+CPSI1" = "PGCCD+CPSI1"
SUP = 0.47
Fval = 17.615413822669595
kᵢ = 40
kₒ = 2
"NSPG+CPSI1" = "NSPG+CPSI1"
SUP = 1.0
Fval = 12.332255483939692
kᵢ = 78
kₒ = 1
"NSPG+PGCCD+CPSI1" = "NSPG+PGCCD+CPSI1"
SUP = 1.0
Fval = 12.332255340249862
kᵢ = 79
kₒ = 1
"NSPG (no CPSI)" = "NSPG (no CPSI)"
SUP = 1.0
Fval = 12.332255483939692
k = 78
"PGCCD+CPSI1" = "PGCCD+CPSI1"
SUP = 0.6336633663366337
Fval = 13.915183777190943
kᵢ = 41
kₒ = 2
"NSPG+CPSI1" = "NSPG+CPSI1"
SUP = 1.0
Fval = 9.654189480005483
kᵢ = 136
kₒ = 4
"NSPG+PGCCD+CPSI1" = "NSPG+PGCCD+CPSI1"
SUP = 0.79
Fval = 12.259459803749458
kᵢ = 93
kₒ = 2
"NSPG (no CPSI)" = "NSPG (no CPSI)"
SUP = 0.7
Fval = 13.433407722974046
k = 44
"PGCCD+CPSI1" = "PGCCD+CPSI1"
SUP = 0.47706422018348627
Fval = 15.483445743036986
kᵢ = 22
kₒ = 1
"NSPG+CPSI1" = "NSPG+CPSI1"
SUP = 1.0
Fval = 10.122915134645952
kᵢ = 47
kₒ = 1
"NSPG+PGCCD+CPSI1" = "NSPG+PGCCD+CPSI1"
SUP = 1.0
Fval = 10.122914276292406
kᵢ = 48
kₒ = 1
"NSPG (no CPSI)" = "NSPG (no CPSI)"
SUP = 1.0
Fval = 10.122915134645952
k = 47
"PGCCD+CPSI1" = "PGCCD+CPSI1"
SUP = 0.47058823529411764
Fval = 13.593675107541165
kᵢ = 54
kₒ = 3
"NSPG+CPSI1" = "NSPG+CPSI1"
SUP = 0.625
Fval = 12.199951876025295
kᵢ = 82
kₒ = 2
"NSPG+PGCCD+CPSI1" = "NSPG+PGCCD+CPSI1"
SUP = 0.625
Fval = 12.199951065575807
kᵢ = 84
kₒ = 2
"NSPG (no CPSI)" = "NSPG (no CPSI)"
SUP = 0.6153846153846154
Fval = 12.283888357177077
k = 62
"PGCCD+CPSI1" = "PGCCD+CPSI1"
SUP = 0.2974683544303797
Fval = 14.538361792044606
kᵢ = 20
kₒ = 1
"NSPG+CPSI1" = "NSPG+CPSI1"
SUP = 0.532258064516129
Fval = 11.944634513153888
kᵢ = 98
kₒ = 2
"NSPG+PGCCD+CPSI1" = "NSPG+PGCCD+CPSI1"
SUP = 0.532258064516129
Fval = 11.948018156482327
kᵢ = 84
kₒ = 1
"NSPG (no CPSI)" = "NSPG (no CPSI)"
SUP = 0.5284552845528455
Fval = 12.067929416386074
k = 74
"PGCCD+CPSI1" = "PGCCD+CPSI1"
SUP = 0.49
Fval = 17.16785518516627
kᵢ = 33
kₒ = 3
"NSPG+CPSI1" = "NSPG+CPSI1"
SUP = 1.0
Fval = 12.518050925024516
kᵢ = 42
kₒ = 1
"NSPG+PGCCD+CPSI1" = "NSPG+PGCCD+CPSI1"
SUP = 1.0
Fval = 12.518050905913817
kᵢ = 43
kₒ = 1
"NSPG (no CPSI)" = "NSPG (no CPSI)"
SUP = 1.0
Fval = 12.518050925024516
k = 42
"PGCCD+CPSI1" = "PGCCD+CPSI1"
SUP = 1.0
Fval = 8.06082482264373
kᵢ = 27
kₒ = 1
"NSPG+CPSI1" = "NSPG+CPSI1"
SUP = 1.0
Fval = 8.060825630748672
kᵢ = 35
kₒ = 1
"NSPG+PGCCD+CPSI1" = "NSPG+PGCCD+CPSI1"
SUP = 1.0
Fval = 8.06082486337361
kᵢ = 36
kₒ = 1
"NSPG (no CPSI)" = "NSPG (no CPSI)"
SUP = 1.0
Fval = 8.060825630748672
k = 35
"PGCCD+CPSI1" = "PGCCD+CPSI1"
SUP = 0.54
Fval = 19.783239629088005
kᵢ = 16
kₒ = 1
"NSPG+CPSI1" = "NSPG+CPSI1"
SUP = 1.0
Fval = 15.157387348203468
kᵢ = 66
kₒ = 1
"NSPG+PGCCD+CPSI1" = "NSPG+PGCCD+CPSI1"
SUP = 1.0
Fval = 15.157387175362267
kᵢ = 67
kₒ = 1
"NSPG (no CPSI)" = "NSPG (no CPSI)"
SUP = 1.0
Fval = 15.157387348203468
k = 66
"PGCCD+CPSI1" = "PGCCD+CPSI1"
SUP = 1.0
Fval = 8.20839944861007
kᵢ = 37
kₒ = 1
"NSPG+CPSI1" = "NSPG+CPSI1"
SUP = 1.0
Fval = 8.20839944647119
kᵢ = 63
kₒ = 1
"NSPG+PGCCD+CPSI1" = "NSPG+PGCCD+CPSI1"
SUP = 1.0
Fval = 8.208399315052292
kᵢ = 64
kₒ = 1
"NSPG (no CPSI)" = "NSPG (no CPSI)"
SUP = 1.0
Fval = 8.20839944647119
k = 63
"PGCCD+CPSI1" = "PGCCD+CPSI1"
SUP = 0.49
Fval = 17.000739515962515
kᵢ = 34
kₒ = 2
"NSPG+CPSI1" = "NSPG+CPSI1"
SUP = 1.0
Fval = 11.832082986586112
kᵢ = 127
kₒ = 4
"NSPG+PGCCD+CPSI1" = "NSPG+PGCCD+CPSI1"
SUP = 1.0
Fval = 11.832083145354853
kᵢ = 137
kₒ = 3
"NSPG (no CPSI)" = "NSPG (no CPSI)"
SUP = 0.64
Fval = 16.37786556276155
k = 43
"PGCCD+CPSI1" = "PGCCD+CPSI1"
SUP = 0.45
Fval = 16.167738115691925
kᵢ = 34
kₒ = 2
"NSPG+CPSI1" = "NSPG+CPSI1"
SUP = 1.0
Fval = 10.901822111621591
kᵢ = 157
kₒ = 4
"NSPG+PGCCD+CPSI1" = "NSPG+PGCCD+CPSI1"
SUP = 1.0
Fval = 10.901822090192884
kᵢ = 141
kₒ = 3
"NSPG (no CPSI)" = "NSPG (no CPSI)"
SUP = 0.6826923076923077
Fval = 15.074471398097959
k = 65
"PGCCD+CPSI1" = "PGCCD+CPSI1"
SUP = 0.58
Fval = 16.22684296579527
kᵢ = 16
kₒ = 1
"NSPG+CPSI1" = "NSPG+CPSI1"
SUP = 0.78
Fval = 14.171104882613772
kᵢ = 118
kₒ = 3
"NSPG+PGCCD+CPSI1" = "NSPG+PGCCD+CPSI1"
SUP = 0.76
Fval = 14.19642267858501
kᵢ = 140
kₒ = 3
"NSPG (no CPSI)" = "NSPG (no CPSI)"
SUP = 0.66
Fval = 15.250426233635437
k = 56
"PGCCD+CPSI1" = "PGCCD+CPSI1"
SUP = 0.3404255319148936
Fval = 12.707400526588298
kᵢ = 44
kₒ = 1
"NSPG+CPSI1" = "NSPG+CPSI1"
SUP = 0.568
Fval = 11.12438761826516
kᵢ = 95
kₒ = 1
"NSPG+PGCCD+CPSI1" = "NSPG+PGCCD+CPSI1"
SUP = 0.568
Fval = 11.124386790897375
kᵢ = 96
kₒ = 1
"NSPG (no CPSI)" = "NSPG (no CPSI)"
SUP = 0.568
Fval = 11.12438761826516
k = 95
"PGCCD+CPSI1" = "PGCCD+CPSI1"
SUP = 1.0
Fval = 8.73432369797746
kᵢ = 50
kₒ = 2
"NSPG+CPSI1" = "NSPG+CPSI1"
SUP = 1.0
Fval = 8.73432366921178
kᵢ = 103
kₒ = 1
"NSPG+PGCCD+CPSI1" = "NSPG+PGCCD+CPSI1"
SUP = 1.0
Fval = 8.73432366817265
kᵢ = 104
kₒ = 1
"NSPG (no CPSI)" = "NSPG (no CPSI)"
SUP = 1.0
Fval = 8.73432366921178
k = 103
"PGCCD+CPSI1" = "PGCCD+CPSI1"
SUP = 0.3728813559322034
Fval = 16.012710265497795
kᵢ = 19
kₒ = 1
"NSPG+CPSI1" = "NSPG+CPSI1"
SUP = 0.6764705882352942
Fval = 13.611093182995305
kᵢ = 87
kₒ = 1
"NSPG+PGCCD+CPSI1" = "NSPG+PGCCD+CPSI1"
SUP = 0.6764705882352942
Fval = 13.611092353811955
kᵢ = 88
kₒ = 1
"NSPG (no CPSI)" = "NSPG (no CPSI)"
SUP = 0.6764705882352942
Fval = 13.611093182995305
k = 87
"PGCCD+CPSI1" = "PGCCD+CPSI1"
SUP = 1.0
Fval = 12.679149199093517
kᵢ = 72
kₒ = 6
"NSPG+CPSI1" = "NSPG+CPSI1"
SUP = 1.0
Fval = 12.679149477531304
kᵢ = 44
kₒ = 1
"NSPG+PGCCD+CPSI1" = "NSPG+PGCCD+CPSI1"
SUP = 1.0
Fval = 12.679149176623811
kᵢ = 45
kₒ = 1
"NSPG (no CPSI)" = "NSPG (no CPSI)"
SUP = 1.0
Fval = 12.679149477531304
k = 44
"PGCCD+CPSI1" = "PGCCD+CPSI1"
SUP = 0.4351851851851852
Fval = 15.206972106097423
kᵢ = 35
kₒ = 2
"NSPG+CPSI1" = "NSPG+CPSI1"
SUP = 1.0
Fval = 9.810123569519227
kᵢ = 56
kₒ = 1
"NSPG+PGCCD+CPSI1" = "NSPG+PGCCD+CPSI1"
SUP = 1.0
Fval = 9.81012355618415
kᵢ = 57
kₒ = 1
"NSPG (no CPSI)" = "NSPG (no CPSI)"
SUP = 1.0
Fval = 9.810123569519227
k = 56
"PGCCD+CPSI1" = "PGCCD+CPSI1"
SUP = 0.51
Fval = 15.341115595194083
kᵢ = 59
kₒ = 4
"NSPG+CPSI1" = "NSPG+CPSI1"
SUP = 1.0
Fval = 10.159533652602972
kᵢ = 63
kₒ = 1
"NSPG+PGCCD+CPSI1" = "NSPG+PGCCD+CPSI1"
SUP = 1.0
Fval = 10.159533605775621
kᵢ = 64
kₒ = 1
"NSPG (no CPSI)" = "NSPG (no CPSI)"
SUP = 1.0
Fval = 10.159533652602972
k = 63
"PGCCD+CPSI1" = "PGCCD+CPSI1"
SUP = 0.3712121212121212
Fval = 15.492988488719321
kᵢ = 28
kₒ = 2
"NSPG+CPSI1" = "NSPG+CPSI1"
SUP = 1.0
Fval = 8.736876065488934
kᵢ = 36
kₒ = 1
"NSPG+PGCCD+CPSI1" = "NSPG+PGCCD+CPSI1"
SUP = 1.0
Fval = 8.736875933237917
kᵢ = 37
kₒ = 1
"NSPG (no CPSI)" = "NSPG (no CPSI)"
SUP = 1.0
Fval = 8.736876065488934
k = 36
"PGCCD+CPSI1" = "PGCCD+CPSI1"
SUP = 0.4778761061946903
Fval = 12.599353858008303
kᵢ = 36
kₒ = 2
"NSPG+CPSI1" = "NSPG+CPSI1"
SUP = 1.0
Fval = 7.637650378422572
kᵢ = 64
kₒ = 1
"NSPG+PGCCD+CPSI1" = "NSPG+PGCCD+CPSI1"
SUP = 1.0
Fval = 7.6376503757026795
kᵢ = 65
kₒ = 1
"NSPG (no CPSI)" = "NSPG (no CPSI)"
SUP = 1.0
Fval = 7.637650378422572
k = 64
"PGCCD+CPSI1" = "PGCCD+CPSI1"
SUP = 0.40707964601769914
Fval = 15.411265216969177
kᵢ = 26
kₒ = 2
"NSPG+CPSI1" = "NSPG+CPSI1"
SUP = 1.0
Fval = 9.103728415190188
kᵢ = 67
kₒ = 1
"NSPG+PGCCD+CPSI1" = "NSPG+PGCCD+CPSI1"
SUP = 1.0
Fval = 9.10372785758402
kᵢ = 68
kₒ = 1
"NSPG (no CPSI)" = "NSPG (no CPSI)"
SUP = 1.0
Fval = 9.103728415190188
k = 67
"PGCCD+CPSI1" = "PGCCD+CPSI1"
SUP = 0.4338235294117647
Fval = 12.829619396217607
kᵢ = 73
kₒ = 5
"NSPG+CPSI1" = "NSPG+CPSI1"
SUP = 1.0
Fval = 7.057649282703907
kᵢ = 46
kₒ = 1
"NSPG+PGCCD+CPSI1" = "NSPG+PGCCD+CPSI1"
SUP = 1.0
Fval = 7.057649013994691
kᵢ = 47
kₒ = 1
"NSPG (no CPSI)" = "NSPG (no CPSI)"
SUP = 1.0
Fval = 7.057649282703907
k = 46
"PGCCD+CPSI1" = "PGCCD+CPSI1"
SUP = 0.5504587155963303
Fval = 14.036271630993815
kᵢ = 58
kₒ = 4
"NSPG+CPSI1" = "NSPG+CPSI1"
SUP = 1.0
Fval = 9.362547551567959
kᵢ = 42
kₒ = 1
"NSPG+PGCCD+CPSI1" = "NSPG+PGCCD+CPSI1"
SUP = 1.0
Fval = 9.362544279670905
kᵢ = 44
kₒ = 1
"NSPG (no CPSI)" = "NSPG (no CPSI)"
SUP = 1.0
Fval = 9.362547551567959
k = 42
"PGCCD+CPSI1" = "PGCCD+CPSI1"
SUP = 0.61
Fval = 16.78778985302152
kᵢ = 39
kₒ = 3
"NSPG+CPSI1" = "NSPG+CPSI1"
SUP = 1.0
Fval = 13.39066073557435
kᵢ = 55
kₒ = 1
"NSPG+PGCCD+CPSI1" = "NSPG+PGCCD+CPSI1"
SUP = 1.0
Fval = 13.39066067774502
kᵢ = 56
kₒ = 1
"NSPG (no CPSI)" = "NSPG (no CPSI)"
SUP = 1.0
Fval = 13.39066073557435
k = 55
"PGCCD+CPSI1" = "PGCCD+CPSI1"
SUP = 0.49504950495049505
Fval = 16.073209954705924
kᵢ = 36
kₒ = 3
"NSPG+CPSI1" = "NSPG+CPSI1"
SUP = 1.0
Fval = 10.77028467235089
kᵢ = 86
kₒ = 2
"NSPG+PGCCD+CPSI1" = "NSPG+PGCCD+CPSI1"
SUP = 1.0
Fval = 10.770284055811365
kᵢ = 75
kₒ = 1
"NSPG (no CPSI)" = "NSPG (no CPSI)"
SUP = 0.78
Fval = 13.882378592485974
k = 59
"PGCCD+CPSI1" = "PGCCD+CPSI1"
SUP = 0.26143790849673204
Fval = 15.233142507362913
kᵢ = 30
kₒ = 1
"NSPG+CPSI1" = "NSPG+CPSI1"
SUP = 1.0
Fval = 7.629442978140159
kᵢ = 89
kₒ = 1
"NSPG+PGCCD+CPSI1" = "NSPG+PGCCD+CPSI1"
SUP = 1.0
Fval = 7.629442970842582
kᵢ = 90
kₒ = 1
"NSPG (no CPSI)" = "NSPG (no CPSI)"
SUP = 1.0
Fval = 7.629442978140159
k = 89
"PGCCD+CPSI1" = "PGCCD+CPSI1"
SUP = 0.452991452991453
Fval = 13.388215863335237
kᵢ = 26
kₒ = 1
"NSPG+CPSI1" = "NSPG+CPSI1"
SUP = 1.0
Fval = 8.158808547384993
kᵢ = 71
kₒ = 1
"NSPG+PGCCD+CPSI1" = "NSPG+PGCCD+CPSI1"
SUP = 1.0
Fval = 8.158808512546806
kᵢ = 72
kₒ = 1
"NSPG (no CPSI)" = "NSPG (no CPSI)"
SUP = 1.0
Fval = 8.158808547384993
k = 71

============================================================
RESULTS (exp-0.5-500-2000-300-100, mode=cpsi1, T=50)
============================================================
Algorithm       | F(x) mean   | SUP mean | K mean | Kout mean
----------------|-------------|----------|--------|----------
PGCCD           | 14.1450     | 0.5626   | 39.3   | 2.3   
NSPG            | 10.3906     | 0.9308   | 71.1   | 1.4   
NSPG+PGCCD      | 10.4505     | 0.9256   | 72.1   | 1.3   
NSPG(noCPSI)    | 10.8812     | 0.8951   | 58.6   | 0.0   
============================================================

Plots saved to graphs/Boxplot/exp-0.5-500-2000-300-100
[ Info: Loading packages...
[ Info: Packages loaded successfully
┌ Info: Parameters
│   corr = "exp"
│   ρ = 0.5
│   n = 500
│   p = 2000
│   SNR = 300.0
│   k⃰ = 100
│   T = 50
└   mode = "cpsi1"
[ Info: Output directory: graphs/Boxplot/exp-0.5-500-2000-300-100
┌ Info: Running CPSI1 experiment
│   config = "exp-0.5-500-2000-300-100"
│   algorithms =
│    1×4 Matrix{LaTeXString}:
│     L"$PGCCD$"  L"$NSPG$"  L"$NSPG+PGCCD$"  L"$NSPG\ (no\ CPSI)$"
└   trials = 50
[ Info: Trial 1/50 completed
[ Info: Trial 2/50 completed
[ Info: Trial 3/50 completed
[ Info: Trial 4/50 completed
[ Info: Trial 5/50 completed
[ Info: Trial 6/50 completed
[ Info: Trial 7/50 completed
[ Info: Trial 8/50 completed
[ Info: Trial 9/50 completed
[ Info: Trial 10/50 completed
[ Info: Trial 11/50 completed
[ Info: Trial 12/50 completed
[ Info: Trial 13/50 completed
[ Info: Trial 14/50 completed
[ Info: Trial 15/50 completed
[ Info: Trial 16/50 completed
[ Info: Trial 17/50 completed
[ Info: Trial 18/50 completed
[ Info: Trial 19/50 completed
[ Info: Trial 20/50 completed
[ Info: Trial 21/50 completed
[ Info: Trial 22/50 completed
[ Info: Trial 23/50 completed
[ Info: Trial 24/50 completed
[ Info: Trial 25/50 completed
[ Info: Trial 26/50 completed
[ Info: Trial 27/50 completed
[ Info: Trial 28/50 completed
[ Info: Trial 29/50 completed
[ Info: Trial 30/50 completed
[ Info: Trial 31/50 completed
[ Info: Trial 32/50 completed
[ Info: Trial 33/50 completed
[ Info: Trial 34/50 completed
[ Info: Trial 35/50 completed
[ Info: Trial 36/50 completed
[ Info: Trial 37/50 completed
[ Info: Trial 38/50 completed
[ Info: Trial 39/50 completed
[ Info: Trial 40/50 completed
[ Info: Trial 41/50 completed
[ Info: Trial 42/50 completed
[ Info: Trial 43/50 completed
[ Info: Trial 44/50 completed
[ Info: Trial 45/50 completed
[ Info: Trial 46/50 completed
[ Info: Trial 47/50 completed
[ Info: Trial 48/50 completed
[ Info: Trial 49/50 completed
[ Info: Trial 50/50 completed
[ Info: All trials completed in 147.4s
┌ Warning: :seaborn_bright is not a known theme, using :default
└ @ Plots ~/.julia/packages/Plots/xC48f/src/themes.jl:10
