"PGCCD+CPSI1" = "PGCCD+CPSI1"
SUP = 0.15
Fval = 50.24594988730081
kᵢ = 1288
kₒ = 16
"NSPG+CPSI1" = "NSPG+CPSI1"
SUP = 0.13
Fval = 50.504483326330856
kᵢ = 839
kₒ = 20
"NSPG+PGCCD+CPSI1" = "NSPG+PGCCD+CPSI1"
SUP = 0.14
Fval = 50.46521493406401
kᵢ = 1546
kₒ = 26
"NSPG (no CPSI)" = "NSPG (no CPSI)"
SUP = 0.1
Fval = 67.85724884561614
k = 165
"PGCCD+CPSI1" = "PGCCD+CPSI1"
SUP = 0.09
Fval = 49.754503514206114
kᵢ = 2147
kₒ = 23
"NSPG+CPSI1" = "NSPG+CPSI1"
SUP = 0.14
Fval = 50.911397245785764
kᵢ = 576
kₒ = 15
"NSPG+PGCCD+CPSI1" = "NSPG+PGCCD+CPSI1"
SUP = 0.13
Fval = 51.0606442925214
kᵢ = 660
kₒ = 14
"NSPG (no CPSI)" = "NSPG (no CPSI)"
SUP = 0.14
Fval = 59.18454204061426
k = 104
"PGCCD+CPSI1" = "PGCCD+CPSI1"
SUP = 0.11
Fval = 50.71809514660397
kᵢ = 2757
kₒ = 25
"NSPG+CPSI1" = "NSPG+CPSI1"
SUP = 0.15
Fval = 51.090604962831634
kᵢ = 694
kₒ = 17
"NSPG+PGCCD+CPSI1" = "NSPG+PGCCD+CPSI1"
SUP = 0.15
Fval = 50.715802596332544
kᵢ = 766
kₒ = 12
"NSPG (no CPSI)" = "NSPG (no CPSI)"
SUP = 0.13
Fval = 61.754844424719224
k = 165
"PGCCD+CPSI1" = "PGCCD+CPSI1"
SUP = 0.16
Fval = 51.76917864917337
kᵢ = 1572
kₒ = 18
"NSPG+CPSI1" = "NSPG+CPSI1"
SUP = 0.19
Fval = 51.69327511123274
kᵢ = 642
kₒ = 15
"NSPG+PGCCD+CPSI1" = "NSPG+PGCCD+CPSI1"
SUP = 0.21
Fval = 51.563240241226794
kᵢ = 575
kₒ = 8
"NSPG (no CPSI)" = "NSPG (no CPSI)"
SUP = 0.17
Fval = 61.16742974596092
k = 119
"PGCCD+CPSI1" = "PGCCD+CPSI1"
SUP = 0.12
Fval = 49.23116264279092
kᵢ = 2649
kₒ = 33
"NSPG+CPSI1" = "NSPG+CPSI1"
SUP = 0.13
Fval = 49.73793383211962
kᵢ = 835
kₒ = 16
"NSPG+PGCCD+CPSI1" = "NSPG+PGCCD+CPSI1"
SUP = 0.17
Fval = 49.70694791024248
kᵢ = 1047
kₒ = 15
"NSPG (no CPSI)" = "NSPG (no CPSI)"
SUP = 0.17
Fval = 65.73530557450374
k = 170
"PGCCD+CPSI1" = "PGCCD+CPSI1"
SUP = 0.12
Fval = 52.87302981513788
kᵢ = 1783
kₒ = 17
"NSPG+CPSI1" = "NSPG+CPSI1"
SUP = 0.15
Fval = 51.481025352812765
kᵢ = 744
kₒ = 19
"NSPG+PGCCD+CPSI1" = "NSPG+PGCCD+CPSI1"
SUP = 0.15
Fval = 52.04308371768058
kᵢ = 730
kₒ = 13
"NSPG (no CPSI)" = "NSPG (no CPSI)"
SUP = 0.16
Fval = 60.33365161402405
k = 139
"PGCCD+CPSI1" = "PGCCD+CPSI1"
SUP = 0.19
Fval = 52.82069911019062
kᵢ = 2360
kₒ = 28
"NSPG+CPSI1" = "NSPG+CPSI1"
SUP = 0.16
Fval = 54.97725740473982
kᵢ = 548
kₒ = 13
"NSPG+PGCCD+CPSI1" = "NSPG+PGCCD+CPSI1"
SUP = 0.19
Fval = 52.989680660091636
kᵢ = 692
kₒ = 12
"NSPG (no CPSI)" = "NSPG (no CPSI)"
SUP = 0.13
Fval = 64.59079261719066
k = 114
"PGCCD+CPSI1" = "PGCCD+CPSI1"
SUP = 0.16
Fval = 50.60268195990449
kᵢ = 1628
kₒ = 20
"NSPG+CPSI1" = "NSPG+CPSI1"
SUP = 0.2
Fval = 50.52684499916851
kᵢ = 427
kₒ = 9
"NSPG+PGCCD+CPSI1" = "NSPG+PGCCD+CPSI1"
SUP = 0.19
Fval = 50.75654749109101
kᵢ = 665
kₒ = 12
"NSPG (no CPSI)" = "NSPG (no CPSI)"
SUP = 0.19
Fval = 57.55485704698025
k = 101
"PGCCD+CPSI1" = "PGCCD+CPSI1"
SUP = 0.17
Fval = 52.379916453381725
kᵢ = 1333
kₒ = 12
"NSPG+CPSI1" = "NSPG+CPSI1"
SUP = 0.2
Fval = 50.950616593721705
kᵢ = 593
kₒ = 13
"NSPG+PGCCD+CPSI1" = "NSPG+PGCCD+CPSI1"
SUP = 0.19
Fval = 53.44998663604191
kᵢ = 519
kₒ = 10
"NSPG (no CPSI)" = "NSPG (no CPSI)"
SUP = 0.15
Fval = 57.81466124853473
k = 162
"PGCCD+CPSI1" = "PGCCD+CPSI1"
SUP = 0.12
Fval = 48.721785774285095
kᵢ = 1661
kₒ = 20
"NSPG+CPSI1" = "NSPG+CPSI1"
SUP = 0.15
Fval = 50.33712727973429
kᵢ = 734
kₒ = 15
"NSPG+PGCCD+CPSI1" = "NSPG+PGCCD+CPSI1"
SUP = 0.12
Fval = 50.85096377606136
kᵢ = 894
kₒ = 16
"NSPG (no CPSI)" = "NSPG (no CPSI)"
SUP = 0.08
Fval = 77.22604113979028
k = 102
"PGCCD+CPSI1" = "PGCCD+CPSI1"
SUP = 0.16
Fval = 51.191877165026355
kᵢ = 2550
kₒ = 26
"NSPG+CPSI1" = "NSPG+CPSI1"
SUP = 0.2
Fval = 49.47714776760754
kᵢ = 663
kₒ = 15
"NSPG+PGCCD+CPSI1" = "NSPG+PGCCD+CPSI1"
SUP = 0.19
Fval = 49.44007659484686
kᵢ = 969
kₒ = 16
"NSPG (no CPSI)" = "NSPG (no CPSI)"
SUP = 0.2
Fval = 68.5976635785442
k = 145
"PGCCD+CPSI1" = "PGCCD+CPSI1"
SUP = 0.16
Fval = 50.24096926376299
kᵢ = 3100
kₒ = 30
"NSPG+CPSI1" = "NSPG+CPSI1"
SUP = 0.17
Fval = 50.489850209156984
kᵢ = 502
kₒ = 11
"NSPG+PGCCD+CPSI1" = "NSPG+PGCCD+CPSI1"
SUP = 0.2
Fval = 50.69559582383788
kᵢ = 746
kₒ = 18
"NSPG (no CPSI)" = "NSPG (no CPSI)"
SUP = 0.18
Fval = 60.135410456922855
k = 84
"PGCCD+CPSI1" = "PGCCD+CPSI1"
SUP = 0.17
Fval = 53.23694127003214
kᵢ = 2039
kₒ = 19
"NSPG+CPSI1" = "NSPG+CPSI1"
SUP = 0.26
Fval = 51.61601694349699
kᵢ = 290
kₒ = 5
"NSPG+PGCCD+CPSI1" = "NSPG+PGCCD+CPSI1"
SUP = 0.22
Fval = 50.064054255601846
kᵢ = 713
kₒ = 14
"NSPG (no CPSI)" = "NSPG (no CPSI)"
SUP = 0.21
Fval = 58.69403919513504
k = 108
"PGCCD+CPSI1" = "PGCCD+CPSI1"
SUP = 0.17
Fval = 54.02729124068664
kᵢ = 1972
kₒ = 19
"NSPG+CPSI1" = "NSPG+CPSI1"
SUP = 0.13
Fval = 52.89502612385789
kᵢ = 782
kₒ = 18
"NSPG+PGCCD+CPSI1" = "NSPG+PGCCD+CPSI1"
SUP = 0.16
Fval = 50.08044373678861
kᵢ = 757
kₒ = 11
"NSPG (no CPSI)" = "NSPG (no CPSI)"
SUP = 0.07
Fval = 73.67452104953037
k = 150
"PGCCD+CPSI1" = "PGCCD+CPSI1"
SUP = 0.18
Fval = 51.472505094367094
kᵢ = 1481
kₒ = 15
"NSPG+CPSI1" = "NSPG+CPSI1"
SUP = 0.18
Fval = 52.26186685428973
kᵢ = 630
kₒ = 14
"NSPG+PGCCD+CPSI1" = "NSPG+PGCCD+CPSI1"
SUP = 0.16
Fval = 55.214440836640435
kᵢ = 936
kₒ = 13
"NSPG (no CPSI)" = "NSPG (no CPSI)"
SUP = 0.12
Fval = 74.24294207158059
k = 139
"PGCCD+CPSI1" = "PGCCD+CPSI1"
SUP = 0.15
Fval = 49.221133828597225
kᵢ = 4529
kₒ = 42
"NSPG+CPSI1" = "NSPG+CPSI1"
SUP = 0.13
Fval = 50.23046090164737
kᵢ = 1009
kₒ = 25
"NSPG+PGCCD+CPSI1" = "NSPG+PGCCD+CPSI1"
SUP = 0.15
Fval = 50.38069577828836
kᵢ = 1438
kₒ = 28
"NSPG (no CPSI)" = "NSPG (no CPSI)"
SUP = 0.06
Fval = 75.94448380890029
k = 95
"PGCCD+CPSI1" = "PGCCD+CPSI1"
SUP = 0.09
Fval = 53.63380286618195
kᵢ = 1292
kₒ = 15
"NSPG+CPSI1" = "NSPG+CPSI1"
SUP = 0.08
Fval = 52.244606794021976
kᵢ = 681
kₒ = 13
"NSPG+PGCCD+CPSI1" = "NSPG+PGCCD+CPSI1"
SUP = 0.12
Fval = 52.8226173021711
kᵢ = 1307
kₒ = 15
"NSPG (no CPSI)" = "NSPG (no CPSI)"
SUP = 0.06
Fval = 68.66136977455403
k = 198
"PGCCD+CPSI1" = "PGCCD+CPSI1"
SUP = 0.1
Fval = 53.960119466432836
kᵢ = 1647
kₒ = 18
"NSPG+CPSI1" = "NSPG+CPSI1"
SUP = 0.13
Fval = 50.95754427481947
kᵢ = 546
kₒ = 13
"NSPG+PGCCD+CPSI1" = "NSPG+PGCCD+CPSI1"
SUP = 0.13
Fval = 51.58851529886407
kᵢ = 431
kₒ = 9
"NSPG (no CPSI)" = "NSPG (no CPSI)"
SUP = 0.17
Fval = 56.9548381288746
k = 125
"PGCCD+CPSI1" = "PGCCD+CPSI1"
SUP = 0.22
Fval = 52.51843783659318
kᵢ = 2177
kₒ = 23
"NSPG+CPSI1" = "NSPG+CPSI1"
SUP = 0.18
Fval = 53.82424764397118
kᵢ = 796
kₒ = 17
"NSPG+PGCCD+CPSI1" = "NSPG+PGCCD+CPSI1"
SUP = 0.25
Fval = 52.580514439640694
kᵢ = 1009
kₒ = 21
"NSPG (no CPSI)" = "NSPG (no CPSI)"
SUP = 0.15
Fval = 68.040110100458
k = 172
"PGCCD+CPSI1" = "PGCCD+CPSI1"
SUP = 0.12
Fval = 53.486369112966074
kᵢ = 1558
kₒ = 17
"NSPG+CPSI1" = "NSPG+CPSI1"
SUP = 0.21
Fval = 53.29756692864647
kᵢ = 397
kₒ = 8
"NSPG+PGCCD+CPSI1" = "NSPG+PGCCD+CPSI1"
SUP = 0.17
Fval = 53.21311328247931
kᵢ = 395
kₒ = 2
"NSPG (no CPSI)" = "NSPG (no CPSI)"
SUP = 0.16
Fval = 67.3556258752639
k = 110
"PGCCD+CPSI1" = "PGCCD+CPSI1"
SUP = 0.12
Fval = 50.58390895331782
kᵢ = 2653
kₒ = 27
"NSPG+CPSI1" = "NSPG+CPSI1"
SUP = 0.18
Fval = 49.956417840999265
kᵢ = 671
kₒ = 14
"NSPG+PGCCD+CPSI1" = "NSPG+PGCCD+CPSI1"
SUP = 0.24
Fval = 51.99894565685662
kᵢ = 704
kₒ = 11
"NSPG (no CPSI)" = "NSPG (no CPSI)"
SUP = 0.21
Fval = 65.94029745745472
k = 124
"PGCCD+CPSI1" = "PGCCD+CPSI1"
SUP = 0.11
Fval = 51.560574478959936
kᵢ = 1916
kₒ = 20
"NSPG+CPSI1" = "NSPG+CPSI1"
SUP = 0.21
Fval = 52.22525482320586
kᵢ = 384
kₒ = 6
"NSPG+PGCCD+CPSI1" = "NSPG+PGCCD+CPSI1"
SUP = 0.22
Fval = 52.42189325360316
kᵢ = 694
kₒ = 10
"NSPG (no CPSI)" = "NSPG (no CPSI)"
SUP = 0.23
Fval = 57.7794389253954
k = 208
"PGCCD+CPSI1" = "PGCCD+CPSI1"
SUP = 0.18
Fval = 50.44611742818569
kᵢ = 2395
kₒ = 21
"NSPG+CPSI1" = "NSPG+CPSI1"
SUP = 0.19
Fval = 54.28241415272251
kᵢ = 634
kₒ = 16
"NSPG+PGCCD+CPSI1" = "NSPG+PGCCD+CPSI1"
SUP = 0.22
Fval = 51.27733767664008
kᵢ = 1452
kₒ = 25
"NSPG (no CPSI)" = "NSPG (no CPSI)"
SUP = 0.19
Fval = 61.50403695383447
k = 110
"PGCCD+CPSI1" = "PGCCD+CPSI1"
SUP = 0.2
Fval = 51.672717955121485
kᵢ = 1453
kₒ = 15
"NSPG+CPSI1" = "NSPG+CPSI1"
SUP = 0.24
Fval = 51.85450243649291
kᵢ = 446
kₒ = 10
"NSPG+PGCCD+CPSI1" = "NSPG+PGCCD+CPSI1"
SUP = 0.17
Fval = 50.22000268750298
kᵢ = 1039
kₒ = 16
"NSPG (no CPSI)" = "NSPG (no CPSI)"
SUP = 0.19
Fval = 62.27255565814691
k = 107
"PGCCD+CPSI1" = "PGCCD+CPSI1"
SUP = 0.16
Fval = 51.884019602879505
kᵢ = 1597
kₒ = 15
"NSPG+CPSI1" = "NSPG+CPSI1"
SUP = 0.25
Fval = 50.4051558733277
kᵢ = 866
kₒ = 17
"NSPG+PGCCD+CPSI1" = "NSPG+PGCCD+CPSI1"
SUP = 0.15
Fval = 52.566891440780445
kᵢ = 1621
kₒ = 21
"NSPG (no CPSI)" = "NSPG (no CPSI)"
SUP = 0.08
Fval = 75.75852008263337
k = 183
"PGCCD+CPSI1" = "PGCCD+CPSI1"
SUP = 0.11
Fval = 49.33843241646691
kᵢ = 1860
kₒ = 17
"NSPG+CPSI1" = "NSPG+CPSI1"
SUP = 0.2
Fval = 49.33544726552341
kᵢ = 768
kₒ = 20
"NSPG+PGCCD+CPSI1" = "NSPG+PGCCD+CPSI1"
SUP = 0.16
Fval = 48.63670646919229
kᵢ = 619
kₒ = 9
"NSPG (no CPSI)" = "NSPG (no CPSI)"
SUP = 0.17
Fval = 60.72906387767172
k = 99
"PGCCD+CPSI1" = "PGCCD+CPSI1"
SUP = 0.18
Fval = 54.292823774938284
kᵢ = 2157
kₒ = 20
"NSPG+CPSI1" = "NSPG+CPSI1"
SUP = 0.2
Fval = 52.24635933140304
kᵢ = 385
kₒ = 7
"NSPG+PGCCD+CPSI1" = "NSPG+PGCCD+CPSI1"
SUP = 0.21
Fval = 50.65701998371377
kᵢ = 846
kₒ = 14
"NSPG (no CPSI)" = "NSPG (no CPSI)"
SUP = 0.26
Fval = 63.25725315347992
k = 105
"PGCCD+CPSI1" = "PGCCD+CPSI1"
SUP = 0.17
Fval = 51.627368148863795
kᵢ = 2859
kₒ = 31
"NSPG+CPSI1" = "NSPG+CPSI1"
SUP = 0.18
Fval = 51.319396941485394
kᵢ = 795
kₒ = 20
"NSPG+PGCCD+CPSI1" = "NSPG+PGCCD+CPSI1"
SUP = 0.24
Fval = 50.230190219594775
kᵢ = 1374
kₒ = 20
"NSPG (no CPSI)" = "NSPG (no CPSI)"
SUP = 0.22
Fval = 62.366028343167294
k = 114
"PGCCD+CPSI1" = "PGCCD+CPSI1"
SUP = 0.13
Fval = 54.64078348972757
kᵢ = 1950
kₒ = 23
"NSPG+CPSI1" = "NSPG+CPSI1"
SUP = 0.17
Fval = 55.2403693025975
kᵢ = 1289
kₒ = 33
"NSPG+PGCCD+CPSI1" = "NSPG+PGCCD+CPSI1"
SUP = 0.18
Fval = 52.35179315378778
kᵢ = 908
kₒ = 15
"NSPG (no CPSI)" = "NSPG (no CPSI)"
SUP = 0.04
Fval = 80.33646115442241
k = 113
"PGCCD+CPSI1" = "PGCCD+CPSI1"
SUP = 0.14
Fval = 50.469441774889646
kᵢ = 1861
kₒ = 21
"NSPG+CPSI1" = "NSPG+CPSI1"
SUP = 0.19
Fval = 50.04717250970545
kᵢ = 378
kₒ = 9
"NSPG+PGCCD+CPSI1" = "NSPG+PGCCD+CPSI1"
SUP = 0.18
Fval = 51.10878692994888
kᵢ = 338
kₒ = 7
"NSPG (no CPSI)" = "NSPG (no CPSI)"
SUP = 0.16
Fval = 52.35531218803446
k = 144
"PGCCD+CPSI1" = "PGCCD+CPSI1"
SUP = 0.17
Fval = 53.37211165115321
kᵢ = 1962
kₒ = 18
"NSPG+CPSI1" = "NSPG+CPSI1"
SUP = 0.16
Fval = 51.37238380235266
kᵢ = 737
kₒ = 15
"NSPG+PGCCD+CPSI1" = "NSPG+PGCCD+CPSI1"
SUP = 0.14
Fval = 54.270545167845384
kᵢ = 564
kₒ = 6
"NSPG (no CPSI)" = "NSPG (no CPSI)"
SUP = 0.1
Fval = 60.15416426820274
k = 217
"PGCCD+CPSI1" = "PGCCD+CPSI1"
SUP = 0.18
Fval = 50.79424721573733
kᵢ = 1847
kₒ = 22
"NSPG+CPSI1" = "NSPG+CPSI1"
SUP = 0.21
Fval = 50.49314048718847
kᵢ = 481
kₒ = 13
"NSPG+PGCCD+CPSI1" = "NSPG+PGCCD+CPSI1"
SUP = 0.19
Fval = 50.50970164444881
kᵢ = 717
kₒ = 20
"NSPG (no CPSI)" = "NSPG (no CPSI)"
SUP = 0.22
Fval = 56.68676452884263
k = 74
"PGCCD+CPSI1" = "PGCCD+CPSI1"
SUP = 0.16
Fval = 50.64190957875519
kᵢ = 1988
kₒ = 20
"NSPG+CPSI1" = "NSPG+CPSI1"
SUP = 0.23
Fval = 51.051554457945976
kᵢ = 346
kₒ = 6
"NSPG+PGCCD+CPSI1" = "NSPG+PGCCD+CPSI1"
SUP = 0.23
Fval = 49.85530867785896
kᵢ = 796
kₒ = 12
"NSPG (no CPSI)" = "NSPG (no CPSI)"
SUP = 0.22
Fval = 59.227548490091934
k = 130
"PGCCD+CPSI1" = "PGCCD+CPSI1"
SUP = 0.09
Fval = 53.315000527298025
kᵢ = 1670
kₒ = 16
"NSPG+CPSI1" = "NSPG+CPSI1"
SUP = 0.15
Fval = 51.86791995393196
kᵢ = 796
kₒ = 15
"NSPG+PGCCD+CPSI1" = "NSPG+PGCCD+CPSI1"
SUP = 0.15
Fval = 51.56752549587083
kᵢ = 904
kₒ = 12
"NSPG (no CPSI)" = "NSPG (no CPSI)"
SUP = 0.06
Fval = 77.01994790755899
k = 117
"PGCCD+CPSI1" = "PGCCD+CPSI1"
SUP = 0.22
Fval = 50.87959061356396
kᵢ = 2568
kₒ = 26
"NSPG+CPSI1" = "NSPG+CPSI1"
SUP = 0.15
Fval = 52.6031127532829
kᵢ = 591
kₒ = 11
"NSPG+PGCCD+CPSI1" = "NSPG+PGCCD+CPSI1"
SUP = 0.16
Fval = 53.423732699813364
kᵢ = 1103
kₒ = 18
"NSPG (no CPSI)" = "NSPG (no CPSI)"
SUP = 0.04
Fval = 85.25992366651813
k = 130
"PGCCD+CPSI1" = "PGCCD+CPSI1"
SUP = 0.12
Fval = 51.24673990240675
kᵢ = 2196
kₒ = 24
"NSPG+CPSI1" = "NSPG+CPSI1"
SUP = 0.2
Fval = 50.423516533783356
kᵢ = 658
kₒ = 14
"NSPG+PGCCD+CPSI1" = "NSPG+PGCCD+CPSI1"
SUP = 0.19
Fval = 50.00552493194479
kᵢ = 1451
kₒ = 23
"NSPG (no CPSI)" = "NSPG (no CPSI)"
SUP = 0.14
Fval = 67.09004988819147
k = 154
"PGCCD+CPSI1" = "PGCCD+CPSI1"
SUP = 0.16
Fval = 49.68575997465148
kᵢ = 1988
kₒ = 20
"NSPG+CPSI1" = "NSPG+CPSI1"
SUP = 0.19
Fval = 51.90555456088428
kᵢ = 664
kₒ = 16
"NSPG+PGCCD+CPSI1" = "NSPG+PGCCD+CPSI1"
SUP = 0.22
Fval = 51.42592173434966
kᵢ = 1136
kₒ = 14
"NSPG (no CPSI)" = "NSPG (no CPSI)"
SUP = 0.2
Fval = 59.385633974741424
k = 106
"PGCCD+CPSI1" = "PGCCD+CPSI1"
SUP = 0.12
Fval = 55.28400000677923
kᵢ = 1344
kₒ = 13
"NSPG+CPSI1" = "NSPG+CPSI1"
SUP = 0.23
Fval = 51.53118360971818
kᵢ = 257
kₒ = 4
"NSPG+PGCCD+CPSI1" = "NSPG+PGCCD+CPSI1"
SUP = 0.23
Fval = 51.531046541746605
kᵢ = 266
kₒ = 4
"NSPG (no CPSI)" = "NSPG (no CPSI)"
SUP = 0.24
Fval = 53.4082233620957
k = 156
"PGCCD+CPSI1" = "PGCCD+CPSI1"
SUP = 0.11
Fval = 53.45574716986464
kᵢ = 1406
kₒ = 14
"NSPG+CPSI1" = "NSPG+CPSI1"
SUP = 0.18
Fval = 52.378555462599564
kᵢ = 688
kₒ = 16
"NSPG+PGCCD+CPSI1" = "NSPG+PGCCD+CPSI1"
SUP = 0.22
Fval = 51.34284906336851
kᵢ = 728
kₒ = 12
"NSPG (no CPSI)" = "NSPG (no CPSI)"
SUP = 0.14
Fval = 68.07470007089674
k = 122
"PGCCD+CPSI1" = "PGCCD+CPSI1"
SUP = 0.16
Fval = 53.70898438830331
kᵢ = 685
kₒ = 7
"NSPG+CPSI1" = "NSPG+CPSI1"
SUP = 0.16
Fval = 55.64332332112015
kᵢ = 479
kₒ = 11
"NSPG+PGCCD+CPSI1" = "NSPG+PGCCD+CPSI1"
SUP = 0.18
Fval = 53.61892498865211
kᵢ = 804
kₒ = 15
"NSPG (no CPSI)" = "NSPG (no CPSI)"
SUP = 0.17
Fval = 60.100689462714755
k = 133
"PGCCD+CPSI1" = "PGCCD+CPSI1"
SUP = 0.21
Fval = 51.38608577981837
kᵢ = 1585
kₒ = 16
"NSPG+CPSI1" = "NSPG+CPSI1"
SUP = 0.21
Fval = 50.749433043722554
kᵢ = 1087
kₒ = 30
"NSPG+PGCCD+CPSI1" = "NSPG+PGCCD+CPSI1"
SUP = 0.19
Fval = 52.75463607895303
kᵢ = 368
kₒ = 6
"NSPG (no CPSI)" = "NSPG (no CPSI)"
SUP = 0.17
Fval = 64.3844386565307
k = 99
"PGCCD+CPSI1" = "PGCCD+CPSI1"
SUP = 0.2
Fval = 50.962746790907985
kᵢ = 3062
kₒ = 30
"NSPG+CPSI1" = "NSPG+CPSI1"
SUP = 0.31
Fval = 50.36175268802678
kᵢ = 774
kₒ = 18
"NSPG+PGCCD+CPSI1" = "NSPG+PGCCD+CPSI1"
SUP = 0.28
Fval = 50.28336960270752
kᵢ = 892
kₒ = 16
"NSPG (no CPSI)" = "NSPG (no CPSI)"
SUP = 0.24
Fval = 64.36181196221841
k = 138
"PGCCD+CPSI1" = "PGCCD+CPSI1"
SUP = 0.18
Fval = 50.589469689625105
kᵢ = 2000
kₒ = 19
"NSPG+CPSI1" = "NSPG+CPSI1"
SUP = 0.18
Fval = 54.05398742513718
kᵢ = 472
kₒ = 10
"NSPG+PGCCD+CPSI1" = "NSPG+PGCCD+CPSI1"
SUP = 0.18
Fval = 52.22419775526336
kᵢ = 661
kₒ = 11
"NSPG (no CPSI)" = "NSPG (no CPSI)"
SUP = 0.22
Fval = 60.25524984766651
k = 165
"PGCCD+CPSI1" = "PGCCD+CPSI1"
SUP = 0.21
Fval = 52.291386917719144
kᵢ = 2350
kₒ = 23
"NSPG+CPSI1" = "NSPG+CPSI1"
SUP = 0.14
Fval = 55.03868324192562
kᵢ = 977
kₒ = 25
"NSPG+PGCCD+CPSI1" = "NSPG+PGCCD+CPSI1"
SUP = 0.13
Fval = 55.13265073724486
kᵢ = 1234
kₒ = 24
"NSPG (no CPSI)" = "NSPG (no CPSI)"
SUP = 0.08
Fval = 71.60935315881437
k = 117
"PGCCD+CPSI1" = "PGCCD+CPSI1"
SUP = 0.13
Fval = 52.70460442810701
kᵢ = 1780
kₒ = 18
"NSPG+CPSI1" = "NSPG+CPSI1"
SUP = 0.15
Fval = 52.30912965685539
kᵢ = 702
kₒ = 16
"NSPG+PGCCD+CPSI1" = "NSPG+PGCCD+CPSI1"
SUP = 0.13
Fval = 53.43315915472739
kᵢ = 842
kₒ = 15
"NSPG (no CPSI)" = "NSPG (no CPSI)"
SUP = 0.04
Fval = 77.04117982547038
k = 106
"PGCCD+CPSI1" = "PGCCD+CPSI1"
SUP = 0.17
Fval = 52.61070245798757
kᵢ = 2187
kₒ = 20
"NSPG+CPSI1" = "NSPG+CPSI1"
SUP = 0.16
Fval = 51.5979181107206
kᵢ = 613
kₒ = 14
"NSPG+PGCCD+CPSI1" = "NSPG+PGCCD+CPSI1"
SUP = 0.18
Fval = 52.207777133832735
kᵢ = 836
kₒ = 12
"NSPG (no CPSI)" = "NSPG (no CPSI)"
SUP = 0.13
Fval = 66.1618220417026
k = 103
"PGCCD+CPSI1" = "PGCCD+CPSI1"
SUP = 0.21
Fval = 50.46614239704962
kᵢ = 1890
kₒ = 20
"NSPG+CPSI1" = "NSPG+CPSI1"
SUP = 0.26
Fval = 51.75910912302735
kᵢ = 729
kₒ = 20
"NSPG+PGCCD+CPSI1" = "NSPG+PGCCD+CPSI1"
SUP = 0.27
Fval = 52.76604526734889
kᵢ = 791
kₒ = 11
"NSPG (no CPSI)" = "NSPG (no CPSI)"
SUP = 0.28
Fval = 61.13767982350906
k = 88
"PGCCD+CPSI1" = "PGCCD+CPSI1"
SUP = 0.14
Fval = 51.63712062728324
kᵢ = 1254
kₒ = 14
"NSPG+CPSI1" = "NSPG+CPSI1"
SUP = 0.22
Fval = 51.08094459870434
kᵢ = 537
kₒ = 13
"NSPG+PGCCD+CPSI1" = "NSPG+PGCCD+CPSI1"
SUP = 0.19
Fval = 50.60704447467567
kᵢ = 658
kₒ = 13
"NSPG (no CPSI)" = "NSPG (no CPSI)"
SUP = 0.21
Fval = 55.05241264307027
k = 118
"PGCCD+CPSI1" = "PGCCD+CPSI1"
SUP = 0.11
Fval = 53.55314872410121
kᵢ = 851
kₒ = 9
"NSPG+CPSI1" = "NSPG+CPSI1"
SUP = 0.23
Fval = 52.38467865446397
kᵢ = 487
kₒ = 10
"NSPG+PGCCD+CPSI1" = "NSPG+PGCCD+CPSI1"
SUP = 0.21
Fval = 51.422731171670705
kᵢ = 572
kₒ = 8
"NSPG (no CPSI)" = "NSPG (no CPSI)"
SUP = 0.21
Fval = 59.55368710668019
k = 169
"PGCCD+CPSI1" = "PGCCD+CPSI1"
SUP = 0.17
Fval = 53.03392608767861
kᵢ = 1241
kₒ = 14
"NSPG+CPSI1" = "NSPG+CPSI1"
SUP = 0.21
Fval = 52.865536447925436
kᵢ = 869
kₒ = 21
"NSPG+PGCCD+CPSI1" = "NSPG+PGCCD+CPSI1"
SUP = 0.24
Fval = 52.23380870141254
kᵢ = 1009
kₒ = 17
"NSPG (no CPSI)" = "NSPG (no CPSI)"
SUP = 0.1
Fval = 75.14139697184312
k = 92

============================================================
RESULTS (con-0.5-500-2000-300-100, mode=cpsi1, T=50)
============================================================
Algorithm       | F(x) mean   | SUP mean | K mean | Kout mean
----------------|-------------|----------|--------|----------
PGCCD           | 51.8048     | 0.1526   | 1961.6 | 20.2  
NSPG            | 51.7578     | 0.1842   | 649.8  | 14.8  
NSPG+PGCCD      | 51.6354     | 0.1854   | 854.4  | 14.0  
NSPG(noCPSI)    | 64.9785     | 0.1552   | 130.2  | 0.0   
============================================================

Plots saved to graphs/Boxplot/con-0.5-500-2000-300-100
[ Info: Loading packages...
[ Info: Packages loaded successfully
┌ Info: Parameters
│   corr = "con"
│   ρ = 0.5
│   n = 500
│   p = 2000
│   SNR = 300.0
│   k⃰ = 100
│   T = 50
└   mode = "cpsi1"
[ Info: Output directory: graphs/Boxplot/con-0.5-500-2000-300-100
┌ Info: Running CPSI1 experiment
│   config = "con-0.5-500-2000-300-100"
│   algorithms =
│    1×4 Matrix{LaTeXString}:
│     L"$PGCCD$"  L"$NSPG$"  L"$NSPG+PGCCD$"  L"$NSPG\ (no\ CPSI)$"
└   trials = 50
[ Info: Trial 1/50 completed
[ Info: Trial 2/50 completed
[ Info: Trial 3/50 completed
[ Info: Trial 4/50 completed
[ Info: Trial 5/50 completed
[ Info: Trial 6/50 completed
[ Info: Trial 7/50 completed
[ Info: Trial 8/50 completed
[ Info: Trial 9/50 completed
[ Info: Trial 10/50 completed
[ Info: Trial 11/50 completed
[ Info: Trial 12/50 completed
[ Info: Trial 13/50 completed
[ Info: Trial 14/50 completed
[ Info: Trial 15/50 completed
[ Info: Trial 16/50 completed
[ Info: Trial 17/50 completed
[ Info: Trial 18/50 completed
[ Info: Trial 19/50 completed
[ Info: Trial 20/50 completed
[ Info: Trial 21/50 completed
[ Info: Trial 22/50 completed
[ Info: Trial 23/50 completed
[ Info: Trial 24/50 completed
[ Info: Trial 25/50 completed
[ Info: Trial 26/50 completed
[ Info: Trial 27/50 completed
[ Info: Trial 28/50 completed
[ Info: Trial 29/50 completed
[ Info: Trial 30/50 completed
[ Info: Trial 31/50 completed
[ Info: Trial 32/50 completed
[ Info: Trial 33/50 completed
[ Info: Trial 34/50 completed
[ Info: Trial 35/50 completed
[ Info: Trial 36/50 completed
[ Info: Trial 37/50 completed
[ Info: Trial 38/50 completed
[ Info: Trial 39/50 completed
[ Info: Trial 40/50 completed
[ Info: Trial 41/50 completed
[ Info: Trial 42/50 completed
[ Info: Trial 43/50 completed
[ Info: Trial 44/50 completed
[ Info: Trial 45/50 completed
[ Info: Trial 46/50 completed
[ Info: Trial 47/50 completed
[ Info: Trial 48/50 completed
[ Info: Trial 49/50 completed
[ Info: Trial 50/50 completed
[ Info: All trials completed in 40.1s
┌ Warning: :seaborn_bright is not a known theme, using :default
└ @ Plots ~/.julia/packages/Plots/xC48f/src/themes.jl:10
