"PGCCD+CPSI1" = "PGCCD+CPSI1"
SUP = 0.5663716814159292
Fval = 18.18294840942322
kᵢ = 45
kₒ = 3
"NSPG+CPSI1" = "NSPG+CPSI1"
SUP = 0.7572815533980582
Fval = 16.38717306052238
kᵢ = 86
kₒ = 3
"NSPG+PGCCD+CPSI1" = "NSPG+PGCCD+CPSI1"
SUP = 0.7572815533980582
Fval = 16.387171720199255
kᵢ = 78
kₒ = 2
"NSPG (no CPSI)" = "NSPG (no CPSI)"
SUP = 0.7403846153846154
Fval = 16.573931066631086
k = 54
"PGCCD+CPSI1" = "PGCCD+CPSI1"
SUP = 0.48695652173913045
Fval = 15.684238351126812
kᵢ = 48
kₒ = 2
"NSPG+CPSI1" = "NSPG+CPSI1"
SUP = 0.5555555555555556
Fval = 14.694309814218157
kᵢ = 161
kₒ = 4
"NSPG+PGCCD+CPSI1" = "NSPG+PGCCD+CPSI1"
SUP = 0.5555555555555556
Fval = 14.694308999450795
kᵢ = 165
kₒ = 4
"NSPG (no CPSI)" = "NSPG (no CPSI)"
SUP = 0.5688073394495413
Fval = 15.008933904298093
k = 94
"PGCCD+CPSI1" = "PGCCD+CPSI1"
SUP = 0.42727272727272725
Fval = 20.814259058157432
kᵢ = 17
kₒ = 1
"NSPG+CPSI1" = "NSPG+CPSI1"
SUP = 0.48
Fval = 19.126505977846136
kᵢ = 69
kₒ = 1
"NSPG+PGCCD+CPSI1" = "NSPG+PGCCD+CPSI1"
SUP = 0.48
Fval = 19.12650486736636
kᵢ = 70
kₒ = 1
"NSPG (no CPSI)" = "NSPG (no CPSI)"
SUP = 0.48
Fval = 19.126505977846136
k = 69
"PGCCD+CPSI1" = "PGCCD+CPSI1"
SUP = 0.32608695652173914
Fval = 16.935909541559926
kᵢ = 64
kₒ = 4
"NSPG+CPSI1" = "NSPG+CPSI1"
SUP = 0.4583333333333333
Fval = 15.776143380584116
kᵢ = 84
kₒ = 1
"NSPG+PGCCD+CPSI1" = "NSPG+PGCCD+CPSI1"
SUP = 0.4583333333333333
Fval = 15.77614245807058
kᵢ = 85
kₒ = 1
"NSPG (no CPSI)" = "NSPG (no CPSI)"
SUP = 0.4583333333333333
Fval = 15.776143380584116
k = 84
"PGCCD+CPSI1" = "PGCCD+CPSI1"
SUP = 0.43103448275862066
Fval = 19.63134333295398
kᵢ = 28
kₒ = 2
"NSPG+CPSI1" = "NSPG+CPSI1"
SUP = 0.4380952380952381
Fval = 17.88904657450618
kᵢ = 78
kₒ = 1
"NSPG+PGCCD+CPSI1" = "NSPG+PGCCD+CPSI1"
SUP = 0.4380952380952381
Fval = 17.889045344627128
kᵢ = 79
kₒ = 1
"NSPG (no CPSI)" = "NSPG (no CPSI)"
SUP = 0.4380952380952381
Fval = 17.88904657450618
k = 78
"PGCCD+CPSI1" = "PGCCD+CPSI1"
SUP = 0.51
Fval = 18.333441907309123
kᵢ = 74
kₒ = 6
"NSPG+CPSI1" = "NSPG+CPSI1"
SUP = 0.6435643564356436
Fval = 17.26692860226663
kᵢ = 123
kₒ = 2
"NSPG+PGCCD+CPSI1" = "NSPG+PGCCD+CPSI1"
SUP = 0.6435643564356436
Fval = 17.266926472894383
kᵢ = 114
kₒ = 1
"NSPG (no CPSI)" = "NSPG (no CPSI)"
SUP = 0.6435643564356436
Fval = 17.398334040843906
k = 105
"PGCCD+CPSI1" = "PGCCD+CPSI1"
SUP = 0.4444444444444444
Fval = 18.40627785351419
kᵢ = 43
kₒ = 3
"NSPG+CPSI1" = "NSPG+CPSI1"
SUP = 0.7256637168141593
Fval = 15.09280973468552
kᵢ = 128
kₒ = 2
"NSPG+PGCCD+CPSI1" = "NSPG+PGCCD+CPSI1"
SUP = 0.7256637168141593
Fval = 15.092808822658498
kᵢ = 130
kₒ = 2
"NSPG (no CPSI)" = "NSPG (no CPSI)"
SUP = 0.7168141592920354
Fval = 15.15668309212177
k = 108
"PGCCD+CPSI1" = "PGCCD+CPSI1"
SUP = 0.39622641509433965
Fval = 21.38814812945035
kᵢ = 61
kₒ = 5
"NSPG+CPSI1" = "NSPG+CPSI1"
SUP = 0.59
Fval = 19.54212948024923
kᵢ = 78
kₒ = 2
"NSPG+PGCCD+CPSI1" = "NSPG+PGCCD+CPSI1"
SUP = 0.59
Fval = 19.542128127203124
kᵢ = 70
kₒ = 1
"NSPG (no CPSI)" = "NSPG (no CPSI)"
SUP = 0.6
Fval = 19.614673056649583
k = 62
"PGCCD+CPSI1" = "PGCCD+CPSI1"
SUP = 0.4198473282442748
Fval = 19.15078186032265
kᵢ = 28
kₒ = 1
"NSPG+CPSI1" = "NSPG+CPSI1"
SUP = 0.6542056074766355
Fval = 16.25580763760044
kᵢ = 57
kₒ = 1
"NSPG+PGCCD+CPSI1" = "NSPG+PGCCD+CPSI1"
SUP = 0.6542056074766355
Fval = 16.255806670468807
kᵢ = 58
kₒ = 1
"NSPG (no CPSI)" = "NSPG (no CPSI)"
SUP = 0.6542056074766355
Fval = 16.25580763760044
k = 57
"PGCCD+CPSI1" = "PGCCD+CPSI1"
SUP = 0.46
Fval = 18.81876648438924
kᵢ = 25
kₒ = 2
"NSPG+CPSI1" = "NSPG+CPSI1"
SUP = 0.39
Fval = 18.879516927196235
kᵢ = 66
kₒ = 2
"NSPG+PGCCD+CPSI1" = "NSPG+PGCCD+CPSI1"
SUP = 0.39
Fval = 18.8795155958298
kᵢ = 68
kₒ = 2
"NSPG (no CPSI)" = "NSPG (no CPSI)"
SUP = 0.4
Fval = 19.14107224292743
k = 45
"PGCCD+CPSI1" = "PGCCD+CPSI1"
SUP = 0.36363636363636365
Fval = 18.57343195800883
kᵢ = 33
kₒ = 2
"NSPG+CPSI1" = "NSPG+CPSI1"
SUP = 0.638095238095238
Fval = 15.590115127402937
kᵢ = 58
kₒ = 1
"NSPG+PGCCD+CPSI1" = "NSPG+PGCCD+CPSI1"
SUP = 0.638095238095238
Fval = 15.590114131950699
kᵢ = 59
kₒ = 1
"NSPG (no CPSI)" = "NSPG (no CPSI)"
SUP = 0.638095238095238
Fval = 15.590115127402937
k = 58
"PGCCD+CPSI1" = "PGCCD+CPSI1"
SUP = 0.27702702702702703
Fval = 17.928069651020323
kᵢ = 64
kₒ = 4
"NSPG+CPSI1" = "NSPG+CPSI1"
SUP = 0.43089430894308944
Fval = 15.391766904628692
kᵢ = 107
kₒ = 2
"NSPG+PGCCD+CPSI1" = "NSPG+PGCCD+CPSI1"
SUP = 0.43089430894308944
Fval = 15.391766177516452
kᵢ = 109
kₒ = 2
"NSPG (no CPSI)" = "NSPG (no CPSI)"
SUP = 0.4251968503937008
Fval = 15.576352661802847
k = 81
"PGCCD+CPSI1" = "PGCCD+CPSI1"
SUP = 0.3464566929133858
Fval = 16.381924055490032
kᵢ = 20
kₒ = 1
"NSPG+CPSI1" = "NSPG+CPSI1"
SUP = 0.46846846846846846
Fval = 14.964764626341909
kᵢ = 115
kₒ = 3
"NSPG+PGCCD+CPSI1" = "NSPG+PGCCD+CPSI1"
SUP = 0.46846846846846846
Fval = 14.962598420756276
kᵢ = 100
kₒ = 2
"NSPG (no CPSI)" = "NSPG (no CPSI)"
SUP = 0.4774774774774775
Fval = 15.201872327717247
k = 68
"PGCCD+CPSI1" = "PGCCD+CPSI1"
SUP = 0.32413793103448274
Fval = 14.53879165481235
kᵢ = 57
kₒ = 1
"NSPG+CPSI1" = "NSPG+CPSI1"
SUP = 0.41304347826086957
Fval = 13.25389070630896
kᵢ = 77
kₒ = 1
"NSPG+PGCCD+CPSI1" = "NSPG+PGCCD+CPSI1"
SUP = 0.41304347826086957
Fval = 13.253889705359196
kᵢ = 78
kₒ = 1
"NSPG (no CPSI)" = "NSPG (no CPSI)"
SUP = 0.41304347826086957
Fval = 13.25389070630896
k = 77
"PGCCD+CPSI1" = "PGCCD+CPSI1"
SUP = 0.3283582089552239
Fval = 18.683898889220245
kᵢ = 23
kₒ = 1
"NSPG+CPSI1" = "NSPG+CPSI1"
SUP = 0.46956521739130436
Fval = 16.31723678646216
kᵢ = 66
kₒ = 1
"NSPG+PGCCD+CPSI1" = "NSPG+PGCCD+CPSI1"
SUP = 0.4732142857142857
Fval = 16.179305475052644
kᵢ = 93
kₒ = 2
"NSPG (no CPSI)" = "NSPG (no CPSI)"
SUP = 0.46956521739130436
Fval = 16.31723678646216
k = 66
"PGCCD+CPSI1" = "PGCCD+CPSI1"
SUP = 0.4537037037037037
Fval = 19.845183684936615
kᵢ = 29
kₒ = 2
"NSPG+CPSI1" = "NSPG+CPSI1"
SUP = 0.6
Fval = 18.656497793360913
kᵢ = 84
kₒ = 2
"NSPG+PGCCD+CPSI1" = "NSPG+PGCCD+CPSI1"
SUP = 0.6
Fval = 18.725141544991107
kᵢ = 64
kₒ = 1
"NSPG (no CPSI)" = "NSPG (no CPSI)"
SUP = 0.61
Fval = 18.84498344306362
k = 56
"PGCCD+CPSI1" = "PGCCD+CPSI1"
SUP = 0.43283582089552236
Fval = 14.062830038071109
kᵢ = 64
kₒ = 3
"NSPG+CPSI1" = "NSPG+CPSI1"
SUP = 0.484375
Fval = 13.477225947023904
kᵢ = 92
kₒ = 1
"NSPG+PGCCD+CPSI1" = "NSPG+PGCCD+CPSI1"
SUP = 0.484375
Fval = 13.477225268160195
kᵢ = 93
kₒ = 1
"NSPG (no CPSI)" = "NSPG (no CPSI)"
SUP = 0.484375
Fval = 13.477225947023904
k = 92
"PGCCD+CPSI1" = "PGCCD+CPSI1"
SUP = 0.31654676258992803
Fval = 15.737412925873363
kᵢ = 70
kₒ = 5
"NSPG+CPSI1" = "NSPG+CPSI1"
SUP = 0.4262295081967213
Fval = 14.307818552543324
kᵢ = 86
kₒ = 2
"NSPG+PGCCD+CPSI1" = "NSPG+PGCCD+CPSI1"
SUP = 0.4262295081967213
Fval = 14.307817485557539
kᵢ = 88
kₒ = 2
"NSPG (no CPSI)" = "NSPG (no CPSI)"
SUP = 0.4262295081967213
Fval = 14.350157475585284
k = 68
"PGCCD+CPSI1" = "PGCCD+CPSI1"
SUP = 0.4
Fval = 25.25981180815818
kᵢ = 24
kₒ = 2
"NSPG+CPSI1" = "NSPG+CPSI1"
SUP = 0.44
Fval = 23.094894876042744
kᵢ = 49
kₒ = 1
"NSPG+PGCCD+CPSI1" = "NSPG+PGCCD+CPSI1"
SUP = 0.44
Fval = 23.094892579309168
kᵢ = 50
kₒ = 1
"NSPG (no CPSI)" = "NSPG (no CPSI)"
SUP = 0.44
Fval = 23.094894876042744
k = 49
"PGCCD+CPSI1" = "PGCCD+CPSI1"
SUP = 0.384
Fval = 18.105092652805727
kᵢ = 48
kₒ = 3
"NSPG+CPSI1" = "NSPG+CPSI1"
SUP = 0.6728971962616822
Fval = 15.57485558420762
kᵢ = 82
kₒ = 2
"NSPG+PGCCD+CPSI1" = "NSPG+PGCCD+CPSI1"
SUP = 0.6728971962616822
Fval = 15.574854217151918
kᵢ = 63
kₒ = 1
"NSPG (no CPSI)" = "NSPG (no CPSI)"
SUP = 0.6923076923076923
Fval = 15.762551067029726
k = 54
"PGCCD+CPSI1" = "PGCCD+CPSI1"
SUP = 0.4609375
Fval = 16.33784543838319
kᵢ = 32
kₒ = 2
"NSPG+CPSI1" = "NSPG+CPSI1"
SUP = 0.7232142857142857
Fval = 14.577961450092289
kᵢ = 163
kₒ = 4
"NSPG+PGCCD+CPSI1" = "NSPG+PGCCD+CPSI1"
SUP = 0.7105263157894737
Fval = 14.635751563199726
kᵢ = 146
kₒ = 3
"NSPG (no CPSI)" = "NSPG (no CPSI)"
SUP = 0.6666666666666666
Fval = 15.021169758385394
k = 92
"PGCCD+CPSI1" = "PGCCD+CPSI1"
SUP = 0.35251798561151076
Fval = 19.52298841596612
kᵢ = 44
kₒ = 2
"NSPG+CPSI1" = "NSPG+CPSI1"
SUP = 0.4915254237288136
Fval = 16.909938729890815
kᵢ = 61
kₒ = 1
"NSPG+PGCCD+CPSI1" = "NSPG+PGCCD+CPSI1"
SUP = 0.4915254237288136
Fval = 16.9099377959948
kᵢ = 62
kₒ = 1
"NSPG (no CPSI)" = "NSPG (no CPSI)"
SUP = 0.4915254237288136
Fval = 16.909938729890815
k = 61
"PGCCD+CPSI1" = "PGCCD+CPSI1"
SUP = 0.376
Fval = 17.408188465757583
kᵢ = 37
kₒ = 2
"NSPG+CPSI1" = "NSPG+CPSI1"
SUP = 0.4830508474576271
Fval = 16.752563058851724
kᵢ = 52
kₒ = 1
"NSPG+PGCCD+CPSI1" = "NSPG+PGCCD+CPSI1"
SUP = 0.4830508474576271
Fval = 16.752562085641078
kᵢ = 53
kₒ = 1
"NSPG (no CPSI)" = "NSPG (no CPSI)"
SUP = 0.4830508474576271
Fval = 16.752563058851724
k = 52
"PGCCD+CPSI1" = "PGCCD+CPSI1"
SUP = 0.4316546762589928
Fval = 15.755969456595025
kᵢ = 43
kₒ = 2
"NSPG+CPSI1" = "NSPG+CPSI1"
SUP = 0.528
Fval = 14.142826190501948
kᵢ = 75
kₒ = 1
"NSPG+PGCCD+CPSI1" = "NSPG+PGCCD+CPSI1"
SUP = 0.528
Fval = 14.142825130279538
kᵢ = 76
kₒ = 1
"NSPG (no CPSI)" = "NSPG (no CPSI)"
SUP = 0.528
Fval = 14.142826190501948
k = 75
"PGCCD+CPSI1" = "PGCCD+CPSI1"
SUP = 0.24666666666666667
Fval = 14.349949965229811
kᵢ = 65
kₒ = 4
"NSPG+CPSI1" = "NSPG+CPSI1"
SUP = 0.373134328358209
Fval = 13.115553903926784
kᵢ = 85
kₒ = 1
"NSPG+PGCCD+CPSI1" = "NSPG+PGCCD+CPSI1"
SUP = 0.373134328358209
Fval = 13.115553188666766
kᵢ = 86
kₒ = 1
"NSPG (no CPSI)" = "NSPG (no CPSI)"
SUP = 0.373134328358209
Fval = 13.115553903926784
k = 85
"PGCCD+CPSI1" = "PGCCD+CPSI1"
SUP = 0.38524590163934425
Fval = 17.435256747492982
kᵢ = 25
kₒ = 1
"NSPG+CPSI1" = "NSPG+CPSI1"
SUP = 0.5
Fval = 15.427712390306482
kᵢ = 102
kₒ = 2
"NSPG+PGCCD+CPSI1" = "NSPG+PGCCD+CPSI1"
SUP = 0.5
Fval = 15.427711381432086
kᵢ = 104
kₒ = 2
"NSPG (no CPSI)" = "NSPG (no CPSI)"
SUP = 0.4954128440366973
Fval = 15.484765028006219
k = 84
"PGCCD+CPSI1" = "PGCCD+CPSI1"
SUP = 0.40707964601769914
Fval = 17.37331793697499
kᵢ = 53
kₒ = 3
"NSPG+CPSI1" = "NSPG+CPSI1"
SUP = 0.5321100917431193
Fval = 17.18985944463995
kᵢ = 102
kₒ = 3
"NSPG+PGCCD+CPSI1" = "NSPG+PGCCD+CPSI1"
SUP = 0.5137614678899083
Fval = 17.25235878129691
kᵢ = 88
kₒ = 2
"NSPG (no CPSI)" = "NSPG (no CPSI)"
SUP = 0.5137614678899083
Fval = 17.538492352064786
k = 55
"PGCCD+CPSI1" = "PGCCD+CPSI1"
SUP = 0.37404580152671757
Fval = 19.058016279159645
kᵢ = 57
kₒ = 4
"NSPG+CPSI1" = "NSPG+CPSI1"
SUP = 0.5357142857142857
Fval = 17.32616824460944
kᵢ = 54
kₒ = 1
"NSPG+PGCCD+CPSI1" = "NSPG+PGCCD+CPSI1"
SUP = 0.5357142857142857
Fval = 17.32616743042992
kᵢ = 55
kₒ = 1
"NSPG (no CPSI)" = "NSPG (no CPSI)"
SUP = 0.5357142857142857
Fval = 17.32616824460944
k = 54
"PGCCD+CPSI1" = "PGCCD+CPSI1"
SUP = 0.42105263157894735
Fval = 15.847928536909407
kᵢ = 47
kₒ = 4
"NSPG+CPSI1" = "NSPG+CPSI1"
SUP = 0.48717948717948717
Fval = 14.57949044185739
kᵢ = 77
kₒ = 2
"NSPG+PGCCD+CPSI1" = "NSPG+PGCCD+CPSI1"
SUP = 0.48717948717948717
Fval = 14.57948954455567
kᵢ = 79
kₒ = 2
"NSPG (no CPSI)" = "NSPG (no CPSI)"
SUP = 0.48717948717948717
Fval = 14.60223829762558
k = 63
"PGCCD+CPSI1" = "PGCCD+CPSI1"
SUP = 0.3828125
Fval = 16.37571695663443
kᵢ = 59
kₒ = 3
"NSPG+CPSI1" = "NSPG+CPSI1"
SUP = 0.5916666666666667
Fval = 14.353293297935561
kᵢ = 120
kₒ = 2
"NSPG+PGCCD+CPSI1" = "NSPG+PGCCD+CPSI1"
SUP = 0.5916666666666667
Fval = 14.35329246650747
kᵢ = 122
kₒ = 2
"NSPG (no CPSI)" = "NSPG (no CPSI)"
SUP = 0.5916666666666667
Fval = 14.454405359170316
k = 97
"PGCCD+CPSI1" = "PGCCD+CPSI1"
SUP = 0.33076923076923076
Fval = 18.09659371398336
kᵢ = 26
kₒ = 1
"NSPG+CPSI1" = "NSPG+CPSI1"
SUP = 0.8018018018018018
Fval = 14.620081871071342
kᵢ = 83
kₒ = 2
"NSPG+PGCCD+CPSI1" = "NSPG+PGCCD+CPSI1"
SUP = 0.8018018018018018
Fval = 14.620080408470274
kᵢ = 72
kₒ = 1
"NSPG (no CPSI)" = "NSPG (no CPSI)"
SUP = 0.7837837837837838
Fval = 14.783508741658462
k = 63
"PGCCD+CPSI1" = "PGCCD+CPSI1"
SUP = 0.36585365853658536
Fval = 18.210388599004702
kᵢ = 28
kₒ = 2
"NSPG+CPSI1" = "NSPG+CPSI1"
SUP = 0.5137614678899083
Fval = 16.827184618497512
kᵢ = 55
kₒ = 1
"NSPG+PGCCD+CPSI1" = "NSPG+PGCCD+CPSI1"
SUP = 0.5137614678899083
Fval = 16.8271836303063
kᵢ = 56
kₒ = 1
"NSPG (no CPSI)" = "NSPG (no CPSI)"
SUP = 0.5137614678899083
Fval = 16.827184618497512
k = 55
"PGCCD+CPSI1" = "PGCCD+CPSI1"
SUP = 0.4224137931034483
Fval = 19.4522626343225
kᵢ = 19
kₒ = 1
"NSPG+CPSI1" = "NSPG+CPSI1"
SUP = 0.73
Fval = 17.055028068947493
kᵢ = 91
kₒ = 2
"NSPG+PGCCD+CPSI1" = "NSPG+PGCCD+CPSI1"
SUP = 0.69
Fval = 17.290803250726853
kᵢ = 93
kₒ = 2
"NSPG (no CPSI)" = "NSPG (no CPSI)"
SUP = 0.68
Fval = 17.5302762264233
k = 58
"PGCCD+CPSI1" = "PGCCD+CPSI1"
SUP = 0.36893203883495146
Fval = 20.426371626570862
kᵢ = 16
kₒ = 1
"NSPG+CPSI1" = "NSPG+CPSI1"
SUP = 0.5
Fval = 18.024049506162918
kᵢ = 94
kₒ = 2
"NSPG+PGCCD+CPSI1" = "NSPG+PGCCD+CPSI1"
SUP = 0.5
Fval = 17.992656452817464
kᵢ = 101
kₒ = 2
"NSPG (no CPSI)" = "NSPG (no CPSI)"
SUP = 0.51
Fval = 18.12836054969651
k = 74
"PGCCD+CPSI1" = "PGCCD+CPSI1"
SUP = 0.3360655737704918
Fval = 18.597973095476863
kᵢ = 36
kₒ = 2
"NSPG+CPSI1" = "NSPG+CPSI1"
SUP = 0.5333333333333333
Fval = 16.638575985436596
kᵢ = 90
kₒ = 3
"NSPG+PGCCD+CPSI1" = "NSPG+PGCCD+CPSI1"
SUP = 0.5384615384615384
Fval = 16.650507681326506
kᵢ = 90
kₒ = 2
"NSPG (no CPSI)" = "NSPG (no CPSI)"
SUP = 0.5277777777777778
Fval = 16.87875331548189
k = 55
"PGCCD+CPSI1" = "PGCCD+CPSI1"
SUP = 0.3983050847457627
Fval = 16.347468898583735
kᵢ = 48
kₒ = 3
"NSPG+CPSI1" = "NSPG+CPSI1"
SUP = 0.5533980582524272
Fval = 14.577343217703017
kᵢ = 67
kₒ = 1
"NSPG+PGCCD+CPSI1" = "NSPG+PGCCD+CPSI1"
SUP = 0.5533980582524272
Fval = 14.577342085262824
kᵢ = 68
kₒ = 1
"NSPG (no CPSI)" = "NSPG (no CPSI)"
SUP = 0.5533980582524272
Fval = 14.577343217703017
k = 67
"PGCCD+CPSI1" = "PGCCD+CPSI1"
SUP = 0.34710743801652894
Fval = 19.202412881440633
kᵢ = 40
kₒ = 3
"NSPG+CPSI1" = "NSPG+CPSI1"
SUP = 0.5794392523364486
Fval = 17.584502418338502
kᵢ = 69
kₒ = 1
"NSPG+PGCCD+CPSI1" = "NSPG+PGCCD+CPSI1"
SUP = 0.5794392523364486
Fval = 17.584501092372527
kᵢ = 70
kₒ = 1
"NSPG (no CPSI)" = "NSPG (no CPSI)"
SUP = 0.5794392523364486
Fval = 17.584502418338502
k = 69
"PGCCD+CPSI1" = "PGCCD+CPSI1"
SUP = 0.5048543689320388
Fval = 17.364612500874852
kᵢ = 36
kₒ = 2
"NSPG+CPSI1" = "NSPG+CPSI1"
SUP = 0.693069306930693
Fval = 16.246530581568482
kᵢ = 43
kₒ = 1
"NSPG+PGCCD+CPSI1" = "NSPG+PGCCD+CPSI1"
SUP = 0.693069306930693
Fval = 16.246529490562033
kᵢ = 44
kₒ = 1
"NSPG (no CPSI)" = "NSPG (no CPSI)"
SUP = 0.693069306930693
Fval = 16.246530581568482
k = 43
"PGCCD+CPSI1" = "PGCCD+CPSI1"
SUP = 0.41
Fval = 19.027315080122623
kᵢ = 30
kₒ = 2
"NSPG+CPSI1" = "NSPG+CPSI1"
SUP = 0.52
Fval = 17.898237862361796
kᵢ = 143
kₒ = 5
"NSPG+PGCCD+CPSI1" = "NSPG+PGCCD+CPSI1"
SUP = 0.54
Fval = 18.446158217667712
kᵢ = 50
kₒ = 1
"NSPG (no CPSI)" = "NSPG (no CPSI)"
SUP = 0.53
Fval = 18.715741572587618
k = 40
"PGCCD+CPSI1" = "PGCCD+CPSI1"
SUP = 0.5
Fval = 20.826646890782737
kᵢ = 26
kₒ = 2
"NSPG+CPSI1" = "NSPG+CPSI1"
SUP = 0.62
Fval = 19.59628698816453
kᵢ = 52
kₒ = 1
"NSPG+PGCCD+CPSI1" = "NSPG+PGCCD+CPSI1"
SUP = 0.62
Fval = 19.596285521790186
kᵢ = 53
kₒ = 1
"NSPG (no CPSI)" = "NSPG (no CPSI)"
SUP = 0.62
Fval = 19.59628698816453
k = 52
"PGCCD+CPSI1" = "PGCCD+CPSI1"
SUP = 0.44144144144144143
Fval = 20.220839262839824
kᵢ = 24
kₒ = 1
"NSPG+CPSI1" = "NSPG+CPSI1"
SUP = 0.56
Fval = 18.569603920640002
kᵢ = 67
kₒ = 2
"NSPG+PGCCD+CPSI1" = "NSPG+PGCCD+CPSI1"
SUP = 0.56
Fval = 18.569602247037764
kᵢ = 69
kₒ = 2
"NSPG (no CPSI)" = "NSPG (no CPSI)"
SUP = 0.58
Fval = 18.73152133393653
k = 52
"PGCCD+CPSI1" = "PGCCD+CPSI1"
SUP = 0.26
Fval = 19.718201838216572
kᵢ = 23
kₒ = 1
"NSPG+CPSI1" = "NSPG+CPSI1"
SUP = 0.4745762711864407
Fval = 16.87210194294729
kᵢ = 66
kₒ = 2
"NSPG+PGCCD+CPSI1" = "NSPG+PGCCD+CPSI1"
SUP = 0.4745762711864407
Fval = 16.87210068665812
kᵢ = 68
kₒ = 2
"NSPG (no CPSI)" = "NSPG (no CPSI)"
SUP = 0.4745762711864407
Fval = 16.958491865208835
k = 47
"PGCCD+CPSI1" = "PGCCD+CPSI1"
SUP = 0.4690265486725664
Fval = 15.828770912150679
kᵢ = 39
kₒ = 2
"NSPG+CPSI1" = "NSPG+CPSI1"
SUP = 0.6363636363636364
Fval = 14.947836241311599
kᵢ = 91
kₒ = 1
"NSPG+PGCCD+CPSI1" = "NSPG+PGCCD+CPSI1"
SUP = 0.6363636363636364
Fval = 14.947835204182603
kᵢ = 92
kₒ = 1
"NSPG (no CPSI)" = "NSPG (no CPSI)"
SUP = 0.6363636363636364
Fval = 14.947836241311599
k = 91
"PGCCD+CPSI1" = "PGCCD+CPSI1"
SUP = 0.2773722627737226
Fval = 17.95957708746984
kᵢ = 38
kₒ = 2
"NSPG+CPSI1" = "NSPG+CPSI1"
SUP = 0.5272727272727272
Fval = 15.650670373548838
kᵢ = 59
kₒ = 1
"NSPG+PGCCD+CPSI1" = "NSPG+PGCCD+CPSI1"
SUP = 0.5272727272727272
Fval = 15.601917390889398
kᵢ = 67
kₒ = 1
"NSPG (no CPSI)" = "NSPG (no CPSI)"
SUP = 0.5272727272727272
Fval = 15.650670373548838
k = 59
"PGCCD+CPSI1" = "PGCCD+CPSI1"
SUP = 0.3488372093023256
Fval = 18.417746439718933
kᵢ = 23
kₒ = 1
"NSPG+CPSI1" = "NSPG+CPSI1"
SUP = 0.504424778761062
Fval = 16.793435074395195
kᵢ = 70
kₒ = 2
"NSPG+PGCCD+CPSI1" = "NSPG+PGCCD+CPSI1"
SUP = 0.5309734513274337
Fval = 16.424449852566838
kᵢ = 83
kₒ = 2
"NSPG (no CPSI)" = "NSPG (no CPSI)"
SUP = 0.48695652173913045
Fval = 17.433562928225808
k = 41
"PGCCD+CPSI1" = "PGCCD+CPSI1"
SUP = 0.29931972789115646
Fval = 15.841539366062193
kᵢ = 28
kₒ = 1
"NSPG+CPSI1" = "NSPG+CPSI1"
SUP = 0.408
Fval = 13.740404061647238
kᵢ = 65
kₒ = 1
"NSPG+PGCCD+CPSI1" = "NSPG+PGCCD+CPSI1"
SUP = 0.408
Fval = 13.740401940682395
kᵢ = 67
kₒ = 1
"NSPG (no CPSI)" = "NSPG (no CPSI)"
SUP = 0.408
Fval = 13.740404061647238
k = 65
"PGCCD+CPSI1" = "PGCCD+CPSI1"
SUP = 0.38333333333333336
Fval = 15.2496807107743
kᵢ = 37
kₒ = 2
"NSPG+CPSI1" = "NSPG+CPSI1"
SUP = 0.543859649122807
Fval = 14.55632858029137
kᵢ = 86
kₒ = 1
"NSPG+PGCCD+CPSI1" = "NSPG+PGCCD+CPSI1"
SUP = 0.5486725663716814
Fval = 14.52867274794026
kᵢ = 93
kₒ = 1
"NSPG (no CPSI)" = "NSPG (no CPSI)"
SUP = 0.543859649122807
Fval = 14.55632858029137
k = 86
"PGCCD+CPSI1" = "PGCCD+CPSI1"
SUP = 0.38333333333333336
Fval = 19.05557627674164
kᵢ = 27
kₒ = 1
"NSPG+CPSI1" = "NSPG+CPSI1"
SUP = 0.5740740740740741
Fval = 17.51362888797996
kᵢ = 47
kₒ = 1
"NSPG+PGCCD+CPSI1" = "NSPG+PGCCD+CPSI1"
SUP = 0.5740740740740741
Fval = 17.513627541850383
kᵢ = 48
kₒ = 1
"NSPG (no CPSI)" = "NSPG (no CPSI)"
SUP = 0.5740740740740741
Fval = 17.51362888797996
k = 47
"PGCCD+CPSI1" = "PGCCD+CPSI1"
SUP = 0.34306569343065696
Fval = 18.721492778119355
kᵢ = 23
kₒ = 1
"NSPG+CPSI1" = "NSPG+CPSI1"
SUP = 0.5
Fval = 16.228362314792598
kᵢ = 59
kₒ = 1
"NSPG+PGCCD+CPSI1" = "NSPG+PGCCD+CPSI1"
SUP = 0.4957983193277311
Fval = 16.194521009243996
kᵢ = 68
kₒ = 1
"NSPG (no CPSI)" = "NSPG (no CPSI)"
SUP = 0.5
Fval = 16.228362314792598
k = 59
"PGCCD+CPSI1" = "PGCCD+CPSI1"
SUP = 0.3853211009174312
Fval = 19.16486293343941
kᵢ = 26
kₒ = 1
"NSPG+CPSI1" = "NSPG+CPSI1"
SUP = 0.66
Fval = 17.554829742092654
kᵢ = 61
kₒ = 1
"NSPG+PGCCD+CPSI1" = "NSPG+PGCCD+CPSI1"
SUP = 0.66
Fval = 17.52451426115354
kᵢ = 68
kₒ = 1
"NSPG (no CPSI)" = "NSPG (no CPSI)"
SUP = 0.66
Fval = 17.554829742092654
k = 61

============================================================
RESULTS (exp-0.5-500-2000-10-100, mode=cpsi1, T=50)
============================================================
Algorithm       | F(x) mean   | SUP mean | K mean | Kout mean
----------------|-------------|----------|--------|----------
PGCCD           | 18.0732     | 0.3902   | 38.4   | 2.2   
NSPG            | 16.3482     | 0.5483   | 81.9   | 1.7   
NSPG+PGCCD      | 16.3543     | 0.5480   | 80.1   | 1.4   
NSPG(noCPSI)    | 16.4589     | 0.5465   | 66.5   | 0.0   
============================================================

Plots saved to graphs/Boxplot/exp-0.5-500-2000-10-100
[ Info: Loading packages...
[ Info: Packages loaded successfully
┌ Info: Parameters
│   corr = "exp"
│   ρ = 0.5
│   n = 500
│   p = 2000
│   SNR = 10.0
│   k⃰ = 100
│   T = 50
└   mode = "cpsi1"
[ Info: Output directory: graphs/Boxplot/exp-0.5-500-2000-10-100
┌ Info: Running CPSI1 experiment
│   config = "exp-0.5-500-2000-10-100"
│   algorithms =
│    1×4 Matrix{LaTeXString}:
│     L"$PGCCD$"  L"$NSPG$"  L"$NSPG+PGCCD$"  L"$NSPG\ (no\ CPSI)$"
└   trials = 50
[ Info: Trial 1/50 completed
[ Info: Trial 2/50 completed
[ Info: Trial 3/50 completed
[ Info: Trial 4/50 completed
[ Info: Trial 5/50 completed
[ Info: Trial 6/50 completed
[ Info: Trial 7/50 completed
[ Info: Trial 8/50 completed
[ Info: Trial 9/50 completed
[ Info: Trial 10/50 completed
[ Info: Trial 11/50 completed
[ Info: Trial 12/50 completed
[ Info: Trial 13/50 completed
[ Info: Trial 14/50 completed
[ Info: Trial 15/50 completed
[ Info: Trial 16/50 completed
[ Info: Trial 17/50 completed
[ Info: Trial 18/50 completed
[ Info: Trial 19/50 completed
[ Info: Trial 20/50 completed
[ Info: Trial 21/50 completed
[ Info: Trial 22/50 completed
[ Info: Trial 23/50 completed
[ Info: Trial 24/50 completed
[ Info: Trial 25/50 completed
[ Info: Trial 26/50 completed
[ Info: Trial 27/50 completed
[ Info: Trial 28/50 completed
[ Info: Trial 29/50 completed
[ Info: Trial 30/50 completed
[ Info: Trial 31/50 completed
[ Info: Trial 32/50 completed
[ Info: Trial 33/50 completed
[ Info: Trial 34/50 completed
[ Info: Trial 35/50 completed
[ Info: Trial 36/50 completed
[ Info: Trial 37/50 completed
[ Info: Trial 38/50 completed
[ Info: Trial 39/50 completed
[ Info: Trial 40/50 completed
[ Info: Trial 41/50 completed
[ Info: Trial 42/50 completed
[ Info: Trial 43/50 completed
[ Info: Trial 44/50 completed
[ Info: Trial 45/50 completed
[ Info: Trial 46/50 completed
[ Info: Trial 47/50 completed
[ Info: Trial 48/50 completed
[ Info: Trial 49/50 completed
[ Info: Trial 50/50 completed
[ Info: All trials completed in 158.5s
┌ Warning: :seaborn_bright is not a known theme, using :default
└ @ Plots ~/.julia/packages/Plots/xC48f/src/themes.jl:10
