"PGCCD" = "PGCCD"
SUP = 0.44
Fval = 21.44558629233924
k = 21
"NSPG" = "NSPG"
SUP = 0.59
Fval = 20.283966772282938
k = 53
"NSPGH" = "NSPGH"
SUP = 0.52
Fval = 20.608235158151558
k = 37
"VMNSPG" = "VMNSPG"
SUP = 0.19
Fval = 29.658442701734025
k = 23
"PGCCD" = "PGCCD"
SUP = 0.36
Fval = 23.19801706860492
k = 15
"NSPG" = "NSPG"
SUP = 0.52
Fval = 21.398035299434145
k = 68
"NSPGH" = "NSPGH"
SUP = 0.51
Fval = 20.279180823558306
k = 67
"VMNSPG" = "VMNSPG"
SUP = 0.27
Fval = 30.38821086397233
k = 20
"PGCCD" = "PGCCD"
SUP = 0.3170731707317073
Fval = 18.696117102011492
k = 22
"NSPG" = "NSPG"
SUP = 0.42735042735042733
Fval = 17.686557598787726
k = 60
"NSPGH" = "NSPGH"
SUP = 0.46551724137931033
Fval = 17.861534683342065
k = 43
"VMNSPG" = "VMNSPG"
SUP = 0.28
Fval = 26.50523573652631
k = 28
"PGCCD" = "PGCCD"
SUP = 0.30708661417322836
Fval = 20.949199087272444
k = 19
"NSPG" = "NSPG"
SUP = 0.5480769230769231
Fval = 17.659445396829547
k = 69
"NSPGH" = "NSPGH"
SUP = 0.5142857142857142
Fval = 18.457633136414028
k = 43
"VMNSPG" = "VMNSPG"
SUP = 0.33
Fval = 26.481019170536655
k = 27
"PGCCD" = "PGCCD"
SUP = 0.3115942028985507
Fval = 17.120167681185904
k = 30
"NSPG" = "NSPG"
SUP = 0.45081967213114754
Fval = 15.575055939048184
k = 66
"NSPGH" = "NSPGH"
SUP = 0.3769230769230769
Fval = 16.679298096914675
k = 53
"VMNSPG" = "VMNSPG"
SUP = 0.27
Fval = 22.341349960188342
k = 35
"PGCCD" = "PGCCD"
SUP = 0.3790322580645161
Fval = 18.24278487844552
k = 32
"NSPG" = "NSPG"
SUP = 0.5377358490566038
Fval = 16.342995948742725
k = 70
"NSPGH" = "NSPGH"
SUP = 0.48717948717948717
Fval = 17.4091245372893
k = 79
"VMNSPG" = "VMNSPG"
SUP = 0.33
Fval = 23.978070616089695
k = 41
"PGCCD" = "PGCCD"
SUP = 0.33098591549295775
Fval = 14.692867462947394
k = 23
"NSPG" = "NSPG"
SUP = 0.3700787401574803
Fval = 13.599241236119099
k = 63
"NSPGH" = "NSPGH"
SUP = 0.4793388429752066
Fval = 13.594049796373191
k = 78
"VMNSPG" = "VMNSPG"
SUP = 0.4017857142857143
Fval = 18.494476443039567
k = 41
"PGCCD" = "PGCCD"
SUP = 0.514018691588785
Fval = 16.77228389859059
k = 24
"NSPG" = "NSPG"
SUP = 0.48148148148148145
Fval = 16.38451657636837
k = 62
"NSPGH" = "NSPGH"
SUP = 0.52
Fval = 16.154879035521574
k = 61
"VMNSPG" = "VMNSPG"
SUP = 0.39
Fval = 23.548409429698502
k = 40
"PGCCD" = "PGCCD"
SUP = 0.5188679245283019
Fval = 19.41527234624724
k = 18
"NSPG" = "NSPG"
SUP = 0.6862745098039216
Fval = 17.58233624250721
k = 58
"NSPGH" = "NSPGH"
SUP = 0.81
Fval = 17.656997345781345
k = 63
"VMNSPG" = "VMNSPG"
SUP = 0.33
Fval = 27.973647319314985
k = 30
"PGCCD" = "PGCCD"
SUP = 0.3023255813953488
Fval = 16.13969317561331
k = 29
"NSPG" = "NSPG"
SUP = 0.45528455284552843
Fval = 15.661547535591376
k = 89
"NSPGH" = "NSPGH"
SUP = 0.48091603053435117
Fval = 16.03786696140847
k = 58
"VMNSPG" = "VMNSPG"
SUP = 0.3
Fval = 24.426345306348175
k = 26
"PGCCD" = "PGCCD"
SUP = 0.2777777777777778
Fval = 18.00347712823127
k = 27
"NSPG" = "NSPG"
SUP = 0.4715447154471545
Fval = 16.258047755601538
k = 72
"NSPGH" = "NSPGH"
SUP = 0.48672566371681414
Fval = 15.52543377653291
k = 53
"VMNSPG" = "VMNSPG"
SUP = 0.33
Fval = 23.192466903255088
k = 47
"PGCCD" = "PGCCD"
SUP = 0.3597122302158273
Fval = 13.413019056159321
k = 38
"NSPG" = "NSPG"
SUP = 0.4094488188976378
Fval = 12.711149421384949
k = 97
"NSPGH" = "NSPGH"
SUP = 0.5081967213114754
Fval = 12.574241545195765
k = 88
"VMNSPG" = "VMNSPG"
SUP = 0.35454545454545455
Fval = 20.26551050171392
k = 40
"PGCCD" = "PGCCD"
SUP = 0.49586776859504134
Fval = 18.45285128765955
k = 21
"NSPG" = "NSPG"
SUP = 0.6548672566371682
Fval = 17.335318094881472
k = 68
"NSPGH" = "NSPGH"
SUP = 0.6666666666666666
Fval = 17.28231145657239
k = 50
"VMNSPG" = "VMNSPG"
SUP = 0.47
Fval = 23.74647572725082
k = 40
"PGCCD" = "PGCCD"
SUP = 0.30578512396694213
Fval = 20.386937494220746
k = 20
"NSPG" = "NSPG"
SUP = 0.45454545454545453
Fval = 18.5776034196115
k = 59
"NSPGH" = "NSPGH"
SUP = 0.4954128440366973
Fval = 18.98641698780377
k = 49
"VMNSPG" = "VMNSPG"
SUP = 0.26
Fval = 27.922755370699033
k = 25
"PGCCD" = "PGCCD"
SUP = 0.3963963963963964
Fval = 22.266343916257192
k = 15
"NSPG" = "NSPG"
SUP = 0.52
Fval = 20.104824891382997
k = 85
"NSPGH" = "NSPGH"
SUP = 0.54
Fval = 21.370051935670126
k = 37
"VMNSPG" = "VMNSPG"
SUP = 0.2
Fval = 31.635583435426543
k = 21
"PGCCD" = "PGCCD"
SUP = 0.36363636363636365
Fval = 21.409728614167754
k = 19
"NSPG" = "NSPG"
SUP = 0.63
Fval = 19.50684489732658
k = 61
"NSPGH" = "NSPGH"
SUP = 0.57
Fval = 20.150412160792428
k = 38
"VMNSPG" = "VMNSPG"
SUP = 0.28
Fval = 28.521328068934757
k = 32
"PGCCD" = "PGCCD"
SUP = 0.35365853658536583
Fval = 16.383917353087135
k = 23
"NSPG" = "NSPG"
SUP = 0.5303030303030303
Fval = 14.171320786718322
k = 78
"NSPGH" = "NSPGH"
SUP = 0.5238095238095238
Fval = 13.507084318408175
k = 60
"VMNSPG" = "VMNSPG"
SUP = 0.45
Fval = 19.16588423426867
k = 48
"PGCCD" = "PGCCD"
SUP = 0.35833333333333334
Fval = 18.659111395906297
k = 34
"NSPG" = "NSPG"
SUP = 0.7247706422018348
Fval = 16.317214853126128
k = 54
"NSPGH" = "NSPGH"
SUP = 0.7281553398058253
Fval = 15.832586675674914
k = 54
"VMNSPG" = "VMNSPG"
SUP = 0.31
Fval = 26.39149877137637
k = 25
"PGCCD" = "PGCCD"
SUP = 0.4883720930232558
Fval = 15.12498162719776
k = 18
"NSPG" = "NSPG"
SUP = 0.6218487394957983
Fval = 13.53630401347255
k = 67
"NSPGH" = "NSPGH"
SUP = 0.6115702479338843
Fval = 14.010961853073606
k = 58
"VMNSPG" = "VMNSPG"
SUP = 0.4
Fval = 22.047681403628253
k = 55
"PGCCD" = "PGCCD"
SUP = 0.4
Fval = 17.8507955818149
k = 18
"NSPG" = "NSPG"
SUP = 0.5470085470085471
Fval = 16.12431655472348
k = 45
"NSPGH" = "NSPGH"
SUP = 0.4358974358974359
Fval = 16.909575019678385
k = 40
"VMNSPG" = "VMNSPG"
SUP = 0.39
Fval = 22.41784121171304
k = 49
"PGCCD" = "PGCCD"
SUP = 0.3076923076923077
Fval = 16.80659139916854
k = 27
"NSPG" = "NSPG"
SUP = 0.6178861788617886
Fval = 12.282340958319992
k = 74
"NSPGH" = "NSPGH"
SUP = 0.5454545454545454
Fval = 13.29125385044317
k = 70
"VMNSPG" = "VMNSPG"
SUP = 0.43137254901960786
Fval = 19.104978506660192
k = 52
"PGCCD" = "PGCCD"
SUP = 0.2857142857142857
Fval = 17.54780185434114
k = 20
"NSPG" = "NSPG"
SUP = 0.4188034188034188
Fval = 15.877904902945136
k = 83
"NSPGH" = "NSPGH"
SUP = 0.4700854700854701
Fval = 16.2378740039406
k = 41
"VMNSPG" = "VMNSPG"
SUP = 0.24
Fval = 25.78310738462372
k = 32
"PGCCD" = "PGCCD"
SUP = 0.38095238095238093
Fval = 18.345251810497345
k = 21
"NSPG" = "NSPG"
SUP = 0.5309734513274337
Fval = 17.540869934148073
k = 68
"NSPGH" = "NSPGH"
SUP = 0.5221238938053098
Fval = 17.258179765168254
k = 91
"VMNSPG" = "VMNSPG"
SUP = 0.42
Fval = 23.74057775754424
k = 44
"PGCCD" = "PGCCD"
SUP = 0.27972027972027974
Fval = 17.010649407151192
k = 37
"NSPG" = "NSPG"
SUP = 0.5537190082644629
Fval = 14.203230196121444
k = 97
"NSPGH" = "NSPGH"
SUP = 0.4365079365079365
Fval = 15.36602463366469
k = 71
"VMNSPG" = "VMNSPG"
SUP = 0.33962264150943394
Fval = 21.4466183039526
k = 47
"PGCCD" = "PGCCD"
SUP = 0.5346534653465347
Fval = 21.735142620552587
k = 16
"NSPG" = "NSPG"
SUP = 0.67
Fval = 20.043849720604175
k = 70
"NSPGH" = "NSPGH"
SUP = 0.69
Fval = 20.18980456978176
k = 43
"VMNSPG" = "VMNSPG"
SUP = 0.32
Fval = 29.202551530193226
k = 23
"PGCCD" = "PGCCD"
SUP = 0.41025641025641024
Fval = 17.898400029423872
k = 24
"NSPG" = "NSPG"
SUP = 0.5675675675675675
Fval = 16.954691305737867
k = 56
"NSPGH" = "NSPGH"
SUP = 0.5833333333333334
Fval = 16.561928804534197
k = 66
"VMNSPG" = "VMNSPG"
SUP = 0.29
Fval = 25.37763575044486
k = 34
"PGCCD" = "PGCCD"
SUP = 0.3394495412844037
Fval = 21.214565913101268
k = 15
"NSPG" = "NSPG"
SUP = 0.5
Fval = 20.358276374024804
k = 59
"NSPGH" = "NSPGH"
SUP = 0.3
Fval = 20.42673800775681
k = 86
"VMNSPG" = "VMNSPG"
SUP = 0.19
Fval = 30.305335004540122
k = 33
"PGCCD" = "PGCCD"
SUP = 0.2302158273381295
Fval = 18.043012715774026
k = 24
"NSPG" = "NSPG"
SUP = 0.4830508474576271
Fval = 15.632326969295434
k = 83
"NSPGH" = "NSPGH"
SUP = 0.44537815126050423
Fval = 15.56387550683131
k = 69
"VMNSPG" = "VMNSPG"
SUP = 0.31
Fval = 22.20142323560528
k = 49
"PGCCD" = "PGCCD"
SUP = 0.35074626865671643
Fval = 16.906836108058947
k = 26
"NSPG" = "NSPG"
SUP = 0.4358974358974359
Fval = 15.889855466587765
k = 55
"NSPGH" = "NSPGH"
SUP = 0.41025641025641024
Fval = 15.549628229613308
k = 53
"VMNSPG" = "VMNSPG"
SUP = 0.31
Fval = 20.584751600425164
k = 53
"PGCCD" = "PGCCD"
SUP = 0.52
Fval = 20.321918006020567
k = 28
"NSPG" = "NSPG"
SUP = 0.53
Fval = 18.70725484603436
k = 65
"NSPGH" = "NSPGH"
SUP = 0.49074074074074076
Fval = 20.127034611224374
k = 55
"VMNSPG" = "VMNSPG"
SUP = 0.28
Fval = 30.19699849650812
k = 31
"PGCCD" = "PGCCD"
SUP = 0.2734375
Fval = 16.403022207253628
k = 34
"NSPG" = "NSPG"
SUP = 0.4473684210526316
Fval = 15.400285021980176
k = 55
"NSPGH" = "NSPGH"
SUP = 0.4
Fval = 15.386703082928175
k = 74
"VMNSPG" = "VMNSPG"
SUP = 0.27
Fval = 23.000422682389235
k = 43
"PGCCD" = "PGCCD"
SUP = 0.35251798561151076
Fval = 18.668277263744674
k = 27
"NSPG" = "NSPG"
SUP = 0.5826086956521739
Fval = 15.345802979102068
k = 91
"NSPGH" = "NSPGH"
SUP = 0.5294117647058824
Fval = 16.721045943962054
k = 54
"VMNSPG" = "VMNSPG"
SUP = 0.34
Fval = 23.974945512319213
k = 37
"PGCCD" = "PGCCD"
SUP = 0.3474576271186441
Fval = 16.89403774319444
k = 20
"NSPG" = "NSPG"
SUP = 0.4857142857142857
Fval = 15.748886780241442
k = 69
"NSPGH" = "NSPGH"
SUP = 0.5089285714285714
Fval = 15.77885358931977
k = 57
"VMNSPG" = "VMNSPG"
SUP = 0.35
Fval = 23.263822400073156
k = 31
"PGCCD" = "PGCCD"
SUP = 0.4036697247706422
Fval = 17.12514843939248
k = 15
"NSPG" = "NSPG"
SUP = 0.44036697247706424
Fval = 15.859431057174557
k = 59
"NSPGH" = "NSPGH"
SUP = 0.52
Fval = 15.799108201497209
k = 49
"VMNSPG" = "VMNSPG"
SUP = 0.31
Fval = 22.37776336897408
k = 41
"PGCCD" = "PGCCD"
SUP = 0.3076923076923077
Fval = 19.988919500749414
k = 41
"NSPG" = "NSPG"
SUP = 0.5596330275229358
Fval = 17.06497427878697
k = 70
"NSPGH" = "NSPGH"
SUP = 0.4297520661157025
Fval = 18.40015804431708
k = 71
"VMNSPG" = "VMNSPG"
SUP = 0.33
Fval = 25.99483105327655
k = 51
"PGCCD" = "PGCCD"
SUP = 0.42735042735042733
Fval = 15.825430641340516
k = 28
"NSPG" = "NSPG"
SUP = 0.6542056074766355
Fval = 15.468663360781493
k = 58
"NSPGH" = "NSPGH"
SUP = 0.7904761904761904
Fval = 14.283723672479105
k = 85
"VMNSPG" = "VMNSPG"
SUP = 0.49
Fval = 22.02924462407785
k = 34
"PGCCD" = "PGCCD"
SUP = 0.4435483870967742
Fval = 16.875742098917165
k = 21
"NSPG" = "NSPG"
SUP = 0.45132743362831856
Fval = 15.272451206788546
k = 87
"NSPGH" = "NSPGH"
SUP = 0.4824561403508772
Fval = 16.228207530974977
k = 44
"VMNSPG" = "VMNSPG"
SUP = 0.28
Fval = 23.121382415044593
k = 37
"PGCCD" = "PGCCD"
SUP = 0.38095238095238093
Fval = 15.876892236852402
k = 25
"NSPG" = "NSPG"
SUP = 0.49166666666666664
Fval = 15.21641373439883
k = 71
"NSPGH" = "NSPGH"
SUP = 0.4
Fval = 15.683917819153649
k = 68
"VMNSPG" = "VMNSPG"
SUP = 0.43
Fval = 20.51492658290682
k = 48
"PGCCD" = "PGCCD"
SUP = 0.3150684931506849
Fval = 16.149431733150607
k = 40
"NSPG" = "NSPG"
SUP = 0.5433070866141733
Fval = 14.62058560031564
k = 65
"NSPGH" = "NSPGH"
SUP = 0.45925925925925926
Fval = 15.831799825466312
k = 71
"VMNSPG" = "VMNSPG"
SUP = 0.39603960396039606
Fval = 21.518607092620037
k = 41
"PGCCD" = "PGCCD"
SUP = 0.375
Fval = 16.438531993999483
k = 22
"NSPG" = "NSPG"
SUP = 0.4485981308411215
Fval = 15.644157122859127
k = 51
"NSPGH" = "NSPGH"
SUP = 0.42342342342342343
Fval = 15.440523719320112
k = 54
"VMNSPG" = "VMNSPG"
SUP = 0.29
Fval = 22.518940315122812
k = 35
"PGCCD" = "PGCCD"
SUP = 0.35344827586206895
Fval = 18.423975236940503
k = 22
"NSPG" = "NSPG"
SUP = 0.3888888888888889
Fval = 16.938723013908206
k = 71
"NSPGH" = "NSPGH"
SUP = 0.49074074074074076
Fval = 17.47127143436696
k = 53
"VMNSPG" = "VMNSPG"
SUP = 0.25
Fval = 26.12071047557469
k = 28
"PGCCD" = "PGCCD"
SUP = 0.29927007299270075
Fval = 17.783829613815044
k = 26
"NSPG" = "NSPG"
SUP = 0.4
Fval = 16.115950150855802
k = 51
"NSPGH" = "NSPGH"
SUP = 0.4298245614035088
Fval = 15.500066010703144
k = 89
"VMNSPG" = "VMNSPG"
SUP = 0.34
Fval = 21.71930706818837
k = 50
"PGCCD" = "PGCCD"
SUP = 0.3023255813953488
Fval = 16.819914050741524
k = 21
"NSPG" = "NSPG"
SUP = 0.36065573770491804
Fval = 15.717602431205329
k = 54
"NSPGH" = "NSPGH"
SUP = 0.3275862068965517
Fval = 16.06091425665202
k = 65
"VMNSPG" = "VMNSPG"
SUP = 0.29
Fval = 21.96881091086275
k = 38
"PGCCD" = "PGCCD"
SUP = 0.3724137931034483
Fval = 16.08863114658051
k = 35
"NSPG" = "NSPG"
SUP = 0.4365079365079365
Fval = 14.69295369067476
k = 52
"NSPGH" = "NSPGH"
SUP = 0.46774193548387094
Fval = 14.545483616814717
k = 88
"VMNSPG" = "VMNSPG"
SUP = 0.3883495145631068
Fval = 20.781282751223607
k = 38
"PGCCD" = "PGCCD"
SUP = 0.37777777777777777
Fval = 17.696882949298413
k = 23
"NSPG" = "NSPG"
SUP = 0.5486725663716814
Fval = 15.44199130429908
k = 57
"NSPGH" = "NSPGH"
SUP = 0.6944444444444444
Fval = 15.189071579830939
k = 50
"VMNSPG" = "VMNSPG"
SUP = 0.41
Fval = 23.326859280462287
k = 28
"PGCCD" = "PGCCD"
SUP = 0.2857142857142857
Fval = 17.723253911334314
k = 23
"NSPG" = "NSPG"
SUP = 0.5486725663716814
Fval = 14.696104732197856
k = 71
"NSPGH" = "NSPGH"
SUP = 0.40869565217391307
Fval = 15.269705178769414
k = 66
"VMNSPG" = "VMNSPG"
SUP = 0.34
Fval = 24.065631794007142
k = 35
"PGCCD" = "PGCCD"
SUP = 0.47
Fval = 22.417994852566842
k = 20
"NSPG" = "NSPG"
SUP = 0.59
Fval = 21.131303610385622
k = 51
"NSPGH" = "NSPGH"
SUP = 0.62
Fval = 20.509054480904354
k = 50
"VMNSPG" = "VMNSPG"
SUP = 0.3
Fval = 29.366973795711502
k = 36
"PGCCD" = "PGCCD"
SUP = 0.34108527131782945
Fval = 17.76115686649686
k = 18
"NSPG" = "NSPG"
SUP = 0.4827586206896552
Fval = 16.22028352300119
k = 81
"NSPGH" = "NSPGH"
SUP = 0.5660377358490566
Fval = 15.65173722916108
k = 67
"VMNSPG" = "VMNSPG"
SUP = 0.33
Fval = 23.16256837971669
k = 33
"PGCCD" = "PGCCD"
SUP = 0.21604938271604937
Fval = 16.821217122827974
k = 30
"NSPG" = "NSPG"
SUP = 0.37404580152671757
Fval = 14.181203837558506
k = 73
"NSPGH" = "NSPGH"
SUP = 0.3475177304964539
Fval = 14.732369250270644
k = 59
"VMNSPG" = "VMNSPG"
SUP = 0.2608695652173913
Fval = 21.212468487356578
k = 34
"PGCCD" = "PGCCD"
SUP = 0.35877862595419846
Fval = 14.056721379469145
k = 33
"NSPG" = "NSPG"
SUP = 0.5169491525423728
Fval = 13.068558547913945
k = 62
"NSPGH" = "NSPGH"
SUP = 0.5409836065573771
Fval = 13.013811914895804
k = 95
"VMNSPG" = "VMNSPG"
SUP = 0.42
Fval = 20.24439657415187
k = 42

============================================================
RESULTS (exp-0.5-500-2000-10-100, mode=nocpsi1, T=50)
============================================================
Algorithm | F(x) mean   | SUP mean | K mean
----------|-------------|----------|-------
PGCCD     | 18.0058     | 0.3645   | 24.6  
NSPG      | 16.3631     | 0.5138   | 67.1  
NSPGH     | 16.5792     | 0.5092   | 61.3  
VMNSPG    | 24.1466     | 0.3297   | 37.0  
============================================================

Plots saved to graphs/Boxplot/nocpsi1/exp-0.5-500-2000-10-100
[ Info: Loading packages...
[ Info: Packages loaded successfully
┌ Info: Parameters
│   corr = "exp"
│   ρ = 0.5
│   n = 500
│   p = 2000
│   SNR = 10.0
│   k⃰ = 100
│   T = 50
└   mode = "nocpsi1"
[ Info: Output directory: graphs/Boxplot/nocpsi1/exp-0.5-500-2000-10-100
┌ Info: Running NO-CPSI1 experiment
│   config = "exp-0.5-500-2000-10-100"
│   algorithms =
│    1×4 Matrix{LaTeXString}:
│     L"$PGCCD$"  L"$NSPG$"  L"$NSPGH$"  L"$VMNSPG$"
└   trials = 50
[ Info: Trial 1/50 completed
[ Info: Trial 2/50 completed
[ Info: Trial 3/50 completed
[ Info: Trial 4/50 completed
[ Info: Trial 5/50 completed
[ Info: Trial 6/50 completed
[ Info: Trial 7/50 completed
[ Info: Trial 8/50 completed
[ Info: Trial 9/50 completed
[ Info: Trial 10/50 completed
[ Info: Trial 11/50 completed
[ Info: Trial 12/50 completed
[ Info: Trial 13/50 completed
[ Info: Trial 14/50 completed
[ Info: Trial 15/50 completed
[ Info: Trial 16/50 completed
[ Info: Trial 17/50 completed
[ Info: Trial 18/50 completed
[ Info: Trial 19/50 completed
[ Info: Trial 20/50 completed
[ Info: Trial 21/50 completed
[ Info: Trial 22/50 completed
[ Info: Trial 23/50 completed
[ Info: Trial 24/50 completed
[ Info: Trial 25/50 completed
[ Info: Trial 26/50 completed
[ Info: Trial 27/50 completed
[ Info: Trial 28/50 completed
[ Info: Trial 29/50 completed
[ Info: Trial 30/50 completed
[ Info: Trial 31/50 completed
[ Info: Trial 32/50 completed
[ Info: Trial 33/50 completed
[ Info: Trial 34/50 completed
[ Info: Trial 35/50 completed
[ Info: Trial 36/50 completed
[ Info: Trial 37/50 completed
[ Info: Trial 38/50 completed
[ Info: Trial 39/50 completed
[ Info: Trial 40/50 completed
[ Info: Trial 41/50 completed
[ Info: Trial 42/50 completed
[ Info: Trial 43/50 completed
[ Info: Trial 44/50 completed
[ Info: Trial 45/50 completed
[ Info: Trial 46/50 completed
[ Info: Trial 47/50 completed
[ Info: Trial 48/50 completed
[ Info: Trial 49/50 completed
[ Info: Trial 50/50 completed
[ Info: All trials completed in 87.6s
┌ Warning: :seaborn_bright is not a known theme, using :default
└ @ Plots ~/.julia/packages/Plots/xC48f/src/themes.jl:10
